Flow report for CPU
Sat Aug 01 17:57:33 2020
Quartus II Version 9.0 Build 132 02/25/2009 SJ Web Edition


---------------------
; Table of Contents ;
---------------------
  1. Legal Notice
  2. Flow Summary
  3. Flow Settings
  4. Flow Non-Default Global Settings
  5. Flow Elapsed Time
  6. Flow OS Summary
  7. Flow Log



----------------
; Legal Notice ;
----------------
Copyright (C) 1991-2009 Altera Corporation
Your use of Altera Corporation's design tools, logic functions 
and other software and tools, and its AMPP partner logic 
functions, and any output files from any of the foregoing 
(including device programming or simulation files), and any 
associated documentation or information are expressly subject 
to the terms and conditions of the Altera Program License 
Subscription Agreement, Altera MegaCore Function License 
Agreement, or other applicable license agreement, including, 
without limitation, that your use is for the sole purpose of 
programming logic devices manufactured by Altera and sold by 
Altera or its authorized distributors.  Please refer to the 
applicable agreement for further details.



+-------------------------------------------------------------------------+
; Flow Summary                                                            ;
+-------------------------------+-----------------------------------------+
; Flow Status                   ; Successful - Sat Aug 01 17:57:25 2020   ;
; Quartus II Version            ; 9.0 Build 132 02/25/2009 SJ Web Edition ;
; Revision Name                 ; CPU                                     ;
; Top-level Entity Name         ; CPU_pipeline                            ;
; Family                        ; Stratix II                              ;
; Met timing requirements       ; Yes                                     ;
; Logic utilization             ; 20 %                                    ;
;     Combinational ALUTs       ; 2,257 / 12,480 ( 18 % )                 ;
;     Dedicated logic registers ; 368 / 12,480 ( 3 % )                    ;
; Total registers               ; 368                                     ;
; Total pins                    ; 333 / 367 ( 91 % )                      ;
; Total virtual pins            ; 0                                       ;
; Total block memory bits       ; 11,264 / 419,328 ( 3 % )                ;
; DSP block 9-bit elements      ; 2 / 96 ( 2 % )                          ;
; Total PLLs                    ; 0 / 6 ( 0 % )                           ;
; Total DLLs                    ; 0 / 2 ( 0 % )                           ;
; Device                        ; EP2S15F672C3                            ;
; Timing Models                 ; Final                                   ;
+-------------------------------+-----------------------------------------+


+-----------------------------------------+
; Flow Settings                           ;
+-------------------+---------------------+
; Option            ; Setting             ;
+-------------------+---------------------+
; Start date & time ; 08/01/2020 17:56:37 ;
; Main task         ; Compilation         ;
; Revision Name     ; CPU                 ;
+-------------------+---------------------+


+--------------------------------------------------------------------------------------------------------------------+
; Flow Non-Default Global Settings                                                                                   ;
+------------------------------------+-------------------------------+---------------+--------------+----------------+
; Assignment Name                    ; Value                         ; Default Value ; Entity Name  ; Section Id     ;
+------------------------------------+-------------------------------+---------------+--------------+----------------+
; COMPILER_SIGNATURE_ID              ; 1095773015890.159628839719140 ; --            ; --           ; --             ;
; IP_TOOL_NAME                       ; LPM_COUNTER                   ; --            ; --           ; --             ;
; IP_TOOL_NAME                       ; LPM_DECODE                    ; --            ; --           ; --             ;
; IP_TOOL_NAME                       ; LPM_DECODE                    ; --            ; --           ; --             ;
; IP_TOOL_NAME                       ; LPM_COUNTER                   ; --            ; --           ; --             ;
; IP_TOOL_NAME                       ; LPM_COUNTER                   ; --            ; --           ; --             ;
; IP_TOOL_NAME                       ; LPM_DECODE                    ; --            ; --           ; --             ;
; IP_TOOL_NAME                       ; LPM_MUX                       ; --            ; --           ; --             ;
; IP_TOOL_NAME                       ; LPM_CONSTANT                  ; --            ; --           ; --             ;
; IP_TOOL_NAME                       ; LPM_CONSTANT                  ; --            ; --           ; --             ;
; IP_TOOL_NAME                       ; LPM_MUX                       ; --            ; --           ; --             ;
; IP_TOOL_NAME                       ; RAM: 3-PORT                   ; --            ; --           ; --             ;
; IP_TOOL_NAME                       ; LPM_MUX                       ; --            ; --           ; --             ;
; IP_TOOL_NAME                       ; LPM_MUX                       ; --            ; --           ; --             ;
; IP_TOOL_NAME                       ; RAM: 3-PORT                   ; --            ; --           ; --             ;
; IP_TOOL_NAME                       ; RAM: 3-PORT                   ; --            ; --           ; --             ;
; IP_TOOL_NAME                       ; RAM: 3-PORT                   ; --            ; --           ; --             ;
; IP_TOOL_NAME                       ; RAM: 2-PORT                   ; --            ; --           ; --             ;
; IP_TOOL_NAME                       ; RAM: 2-PORT                   ; --            ; --           ; --             ;
; IP_TOOL_NAME                       ; RAM: 2-PORT                   ; --            ; --           ; --             ;
; IP_TOOL_NAME                       ; RAM: 2-PORT                   ; --            ; --           ; --             ;
; IP_TOOL_NAME                       ; LPM_DECODE                    ; --            ; --           ; --             ;
; IP_TOOL_NAME                       ; LPM_COUNTER                   ; --            ; --           ; --             ;
; IP_TOOL_NAME                       ; ROM: 1-PORT                   ; --            ; --           ; --             ;
; IP_TOOL_NAME                       ; LPM_BUSTRI                    ; --            ; --           ; --             ;
; IP_TOOL_NAME                       ; LPM_CONSTANT                  ; --            ; --           ; --             ;
; IP_TOOL_NAME                       ; LPM_MUX                       ; --            ; --           ; --             ;
; IP_TOOL_NAME                       ; LPM_MUX                       ; --            ; --           ; --             ;
; IP_TOOL_NAME                       ; LPM_ADD_SUB                   ; --            ; --           ; --             ;
; IP_TOOL_NAME                       ; LPM_ADD_SUB                   ; --            ; --           ; --             ;
; IP_TOOL_NAME                       ; LPM_MUX                       ; --            ; --           ; --             ;
; IP_TOOL_NAME                       ; LPM_CONSTANT                  ; --            ; --           ; --             ;
; IP_TOOL_NAME                       ; LPM_MUX                       ; --            ; --           ; --             ;
; IP_TOOL_NAME                       ; LPM_CONSTANT                  ; --            ; --           ; --             ;
; IP_TOOL_NAME                       ; LPM_MUX                       ; --            ; --           ; --             ;
; IP_TOOL_NAME                       ; LPM_MUX                       ; --            ; --           ; --             ;
; IP_TOOL_NAME                       ; LPM_CONSTANT                  ; --            ; --           ; --             ;
; IP_TOOL_NAME                       ; LPM_ADD_SUB                   ; --            ; --           ; --             ;
; IP_TOOL_NAME                       ; LPM_MUX                       ; --            ; --           ; --             ;
; IP_TOOL_NAME                       ; LPM_ADD_SUB                   ; --            ; --           ; --             ;
; IP_TOOL_NAME                       ; LPM_MUX                       ; --            ; --           ; --             ;
; IP_TOOL_NAME                       ; LPM_ADD_SUB                   ; --            ; --           ; --             ;
; IP_TOOL_NAME                       ; LPM_MUX                       ; --            ; --           ; --             ;
; IP_TOOL_NAME                       ; LPM_COMPARE                   ; --            ; --           ; --             ;
; IP_TOOL_NAME                       ; LPM_FF                        ; --            ; --           ; --             ;
; IP_TOOL_NAME                       ; LPM_FF                        ; --            ; --           ; --             ;
; IP_TOOL_NAME                       ; LPM_FF                        ; --            ; --           ; --             ;
; IP_TOOL_NAME                       ; LPM_FF                        ; --            ; --           ; --             ;
; IP_TOOL_NAME                       ; LPM_FF                        ; --            ; --           ; --             ;
; IP_TOOL_NAME                       ; LPM_FF                        ; --            ; --           ; --             ;
; IP_TOOL_NAME                       ; LPM_FF                        ; --            ; --           ; --             ;
; IP_TOOL_NAME                       ; LPM_FF                        ; --            ; --           ; --             ;
; IP_TOOL_NAME                       ; LPM_ADD_SUB                   ; --            ; --           ; --             ;
; IP_TOOL_NAME                       ; LPM_ADD_SUB                   ; --            ; --           ; --             ;
; IP_TOOL_NAME                       ; LPM_CONSTANT                  ; --            ; --           ; --             ;
; IP_TOOL_NAME                       ; LPM_ADD_SUB                   ; --            ; --           ; --             ;
; IP_TOOL_VERSION                    ; 9.0                           ; --            ; --           ; --             ;
; IP_TOOL_VERSION                    ; 9.0                           ; --            ; --           ; --             ;
; IP_TOOL_VERSION                    ; 9.0                           ; --            ; --           ; --             ;
; IP_TOOL_VERSION                    ; 9.0                           ; --            ; --           ; --             ;
; IP_TOOL_VERSION                    ; 9.0                           ; --            ; --           ; --             ;
; IP_TOOL_VERSION                    ; 9.0                           ; --            ; --           ; --             ;
; IP_TOOL_VERSION                    ; 9.0                           ; --            ; --           ; --             ;
; IP_TOOL_VERSION                    ; 9.0                           ; --            ; --           ; --             ;
; IP_TOOL_VERSION                    ; 9.0                           ; --            ; --           ; --             ;
; IP_TOOL_VERSION                    ; 9.0                           ; --            ; --           ; --             ;
; IP_TOOL_VERSION                    ; 9.0                           ; --            ; --           ; --             ;
; IP_TOOL_VERSION                    ; 9.0                           ; --            ; --           ; --             ;
; IP_TOOL_VERSION                    ; 9.0                           ; --            ; --           ; --             ;
; IP_TOOL_VERSION                    ; 9.0                           ; --            ; --           ; --             ;
; IP_TOOL_VERSION                    ; 9.0                           ; --            ; --           ; --             ;
; IP_TOOL_VERSION                    ; 9.0                           ; --            ; --           ; --             ;
; IP_TOOL_VERSION                    ; 9.0                           ; --            ; --           ; --             ;
; IP_TOOL_VERSION                    ; 9.0                           ; --            ; --           ; --             ;
; IP_TOOL_VERSION                    ; 9.0                           ; --            ; --           ; --             ;
; IP_TOOL_VERSION                    ; 9.0                           ; --            ; --           ; --             ;
; IP_TOOL_VERSION                    ; 9.0                           ; --            ; --           ; --             ;
; IP_TOOL_VERSION                    ; 9.0                           ; --            ; --           ; --             ;
; IP_TOOL_VERSION                    ; 9.0                           ; --            ; --           ; --             ;
; IP_TOOL_VERSION                    ; 9.0                           ; --            ; --           ; --             ;
; IP_TOOL_VERSION                    ; 9.0                           ; --            ; --           ; --             ;
; IP_TOOL_VERSION                    ; 9.0                           ; --            ; --           ; --             ;
; IP_TOOL_VERSION                    ; 9.0                           ; --            ; --           ; --             ;
; IP_TOOL_VERSION                    ; 9.0                           ; --            ; --           ; --             ;
; IP_TOOL_VERSION                    ; 9.0                           ; --            ; --           ; --             ;
; IP_TOOL_VERSION                    ; 9.0                           ; --            ; --           ; --             ;
; IP_TOOL_VERSION                    ; 9.0                           ; --            ; --           ; --             ;
; IP_TOOL_VERSION                    ; 9.0                           ; --            ; --           ; --             ;
; IP_TOOL_VERSION                    ; 9.0                           ; --            ; --           ; --             ;
; IP_TOOL_VERSION                    ; 9.0                           ; --            ; --           ; --             ;
; IP_TOOL_VERSION                    ; 9.0                           ; --            ; --           ; --             ;
; IP_TOOL_VERSION                    ; 9.0                           ; --            ; --           ; --             ;
; IP_TOOL_VERSION                    ; 9.0                           ; --            ; --           ; --             ;
; IP_TOOL_VERSION                    ; 9.0                           ; --            ; --           ; --             ;
; IP_TOOL_VERSION                    ; 9.0                           ; --            ; --           ; --             ;
; IP_TOOL_VERSION                    ; 9.0                           ; --            ; --           ; --             ;
; IP_TOOL_VERSION                    ; 9.0                           ; --            ; --           ; --             ;
; IP_TOOL_VERSION                    ; 9.0                           ; --            ; --           ; --             ;
; IP_TOOL_VERSION                    ; 9.0                           ; --            ; --           ; --             ;
; IP_TOOL_VERSION                    ; 9.0                           ; --            ; --           ; --             ;
; IP_TOOL_VERSION                    ; 9.0                           ; --            ; --           ; --             ;
; IP_TOOL_VERSION                    ; 9.0                           ; --            ; --           ; --             ;
; IP_TOOL_VERSION                    ; 9.0                           ; --            ; --           ; --             ;
; IP_TOOL_VERSION                    ; 9.0                           ; --            ; --           ; --             ;
; IP_TOOL_VERSION                    ; 9.0                           ; --            ; --           ; --             ;
; IP_TOOL_VERSION                    ; 9.0                           ; --            ; --           ; --             ;
; IP_TOOL_VERSION                    ; 9.0                           ; --            ; --           ; --             ;
; IP_TOOL_VERSION                    ; 9.0                           ; --            ; --           ; --             ;
; IP_TOOL_VERSION                    ; 9.0                           ; --            ; --           ; --             ;
; IP_TOOL_VERSION                    ; 9.0                           ; --            ; --           ; --             ;
; IP_TOOL_VERSION                    ; 9.0                           ; --            ; --           ; --             ;
; MISC_FILE                          ; counter_1bit.bsf              ; --            ; --           ; --             ;
; MISC_FILE                          ; counter_1bit_bb.v             ; --            ; --           ; --             ;
; MISC_FILE                          ; counter_1bit.inc              ; --            ; --           ; --             ;
; MISC_FILE                          ; dec_12.bsf                    ; --            ; --           ; --             ;
; MISC_FILE                          ; dec_12_bb.v                   ; --            ; --           ; --             ;
; MISC_FILE                          ; dec_12.inc                    ; --            ; --           ; --             ;
; MISC_FILE                          ; dec_gate.bsf                  ; --            ; --           ; --             ;
; MISC_FILE                          ; dec_gate_bb.v                 ; --            ; --           ; --             ;
; MISC_FILE                          ; dec_gate.inc                  ; --            ; --           ; --             ;
; MISC_FILE                          ; pc.bsf                        ; --            ; --           ; --             ;
; MISC_FILE                          ; pc_bb.v                       ; --            ; --           ; --             ;
; MISC_FILE                          ; pc.inc                        ; --            ; --           ; --             ;
; MISC_FILE                          ; counter.bsf                   ; --            ; --           ; --             ;
; MISC_FILE                          ; counter_bb.v                  ; --            ; --           ; --             ;
; MISC_FILE                          ; counter.inc                   ; --            ; --           ; --             ;
; MISC_FILE                          ; dec24.bsf                     ; --            ; --           ; --             ;
; MISC_FILE                          ; dec24_bb.v                    ; --            ; --           ; --             ;
; MISC_FILE                          ; dec24.inc                     ; --            ; --           ; --             ;
; MISC_FILE                          ; mux21.bsf                     ; --            ; --           ; --             ;
; MISC_FILE                          ; mux21_bb.v                    ; --            ; --           ; --             ;
; MISC_FILE                          ; mux21.inc                     ; --            ; --           ; --             ;
; MISC_FILE                          ; zero_const.bsf                ; --            ; --           ; --             ;
; MISC_FILE                          ; zero_const_bb.v               ; --            ; --           ; --             ;
; MISC_FILE                          ; zero_const.inc                ; --            ; --           ; --             ;
; MISC_FILE                          ; all_one_const.bsf             ; --            ; --           ; --             ;
; MISC_FILE                          ; all_one_const_bb.v            ; --            ; --           ; --             ;
; MISC_FILE                          ; all_one_const.inc             ; --            ; --           ; --             ;
; MISC_FILE                          ; mux21_5bit.bsf                ; --            ; --           ; --             ;
; MISC_FILE                          ; mux21_5bit_bb.v               ; --            ; --           ; --             ;
; MISC_FILE                          ; mux21_5bit.inc                ; --            ; --           ; --             ;
; MISC_FILE                          ; regs_8bit.bsf                 ; --            ; --           ; --             ;
; MISC_FILE                          ; regs_8bit_bb.v                ; --            ; --           ; --             ;
; MISC_FILE                          ; regs_8bit.inc                 ; --            ; --           ; --             ;
; MISC_FILE                          ; mux21_8bit.bsf                ; --            ; --           ; --             ;
; MISC_FILE                          ; mux21_8bit_bb.v               ; --            ; --           ; --             ;
; MISC_FILE                          ; mux21_8bit.inc                ; --            ; --           ; --             ;
; MISC_FILE                          ; mux21_1bit.bsf                ; --            ; --           ; --             ;
; MISC_FILE                          ; mux21_1bit_bb.v               ; --            ; --           ; --             ;
; MISC_FILE                          ; mux21_1bit.inc                ; --            ; --           ; --             ;
; MISC_FILE                          ; regs2_8bit.bsf                ; --            ; --           ; --             ;
; MISC_FILE                          ; regs2_8bit_bb.v               ; --            ; --           ; --             ;
; MISC_FILE                          ; regs2_8bit.inc                ; --            ; --           ; --             ;
; MISC_FILE                          ; regs3_8bit.bsf                ; --            ; --           ; --             ;
; MISC_FILE                          ; regs3_8bit_bb.v               ; --            ; --           ; --             ;
; MISC_FILE                          ; regs3_8bit.inc                ; --            ; --           ; --             ;
; MISC_FILE                          ; regs4_8bit.bsf                ; --            ; --           ; --             ;
; MISC_FILE                          ; regs4_8bit_bb.v               ; --            ; --           ; --             ;
; MISC_FILE                          ; regs4_8bit.inc                ; --            ; --           ; --             ;
; MISC_FILE                          ; main_mem1_8bit.bsf            ; --            ; --           ; --             ;
; MISC_FILE                          ; main_mem1_8bit_bb.v           ; --            ; --           ; --             ;
; MISC_FILE                          ; main_mem1_8bit.inc            ; --            ; --           ; --             ;
; MISC_FILE                          ; main_mem2_8bit.bsf            ; --            ; --           ; --             ;
; MISC_FILE                          ; main_mem2_8bit_bb.v           ; --            ; --           ; --             ;
; MISC_FILE                          ; main_mem2_8bit.inc            ; --            ; --           ; --             ;
; MISC_FILE                          ; main_mem3_8bit.bsf            ; --            ; --           ; --             ;
; MISC_FILE                          ; main_mem3_8bit_bb.v           ; --            ; --           ; --             ;
; MISC_FILE                          ; main_mem3_8bit.inc            ; --            ; --           ; --             ;
; MISC_FILE                          ; main_mem4_8bit.bsf            ; --            ; --           ; --             ;
; MISC_FILE                          ; main_mem4_8bit_bb.v           ; --            ; --           ; --             ;
; MISC_FILE                          ; main_mem4_8bit.inc            ; --            ; --           ; --             ;
; MISC_FILE                          ; dec32.bsf                     ; --            ; --           ; --             ;
; MISC_FILE                          ; dec32_bb.v                    ; --            ; --           ; --             ;
; MISC_FILE                          ; dec32.inc                     ; --            ; --           ; --             ;
; MISC_FILE                          ; pc_micro.bsf                  ; --            ; --           ; --             ;
; MISC_FILE                          ; pc_micro_bb.v                 ; --            ; --           ; --             ;
; MISC_FILE                          ; pc_micro.inc                  ; --            ; --           ; --             ;
; MISC_FILE                          ; micro_mem.bsf                 ; --            ; --           ; --             ;
; MISC_FILE                          ; micro_mem_bb.v                ; --            ; --           ; --             ;
; MISC_FILE                          ; micro_mem.inc                 ; --            ; --           ; --             ;
; MISC_FILE                          ; cu_buf.bsf                    ; --            ; --           ; --             ;
; MISC_FILE                          ; cu_buf_bb.v                   ; --            ; --           ; --             ;
; MISC_FILE                          ; cu_buf.inc                    ; --            ; --           ; --             ;
; MISC_FILE                          ; one_const.bsf                 ; --            ; --           ; --             ;
; MISC_FILE                          ; one_const_bb.v                ; --            ; --           ; --             ;
; MISC_FILE                          ; one_const.inc                 ; --            ; --           ; --             ;
; MISC_FILE                          ; mux41_8bit.bsf                ; --            ; --           ; --             ;
; MISC_FILE                          ; mux41_8bit_bb.v               ; --            ; --           ; --             ;
; MISC_FILE                          ; mux41_8bit.inc                ; --            ; --           ; --             ;
; MISC_FILE                          ; mux41_1bit.bsf                ; --            ; --           ; --             ;
; MISC_FILE                          ; mux41_1bit_bb.v               ; --            ; --           ; --             ;
; MISC_FILE                          ; mux41_1bit.inc                ; --            ; --           ; --             ;
; MISC_FILE                          ; adder_3bit.bsf                ; --            ; --           ; --             ;
; MISC_FILE                          ; adder_3bit_bb.v               ; --            ; --           ; --             ;
; MISC_FILE                          ; adder_3bit.inc                ; --            ; --           ; --             ;
; MISC_FILE                          ; adder_5bit.bsf                ; --            ; --           ; --             ;
; MISC_FILE                          ; adder_5bit_bb.v               ; --            ; --           ; --             ;
; MISC_FILE                          ; adder_5bit.inc                ; --            ; --           ; --             ;
; MISC_FILE                          ; mux81_1bit.bsf                ; --            ; --           ; --             ;
; MISC_FILE                          ; mux81_1bit_bb.v               ; --            ; --           ; --             ;
; MISC_FILE                          ; mux81_1bit.inc                ; --            ; --           ; --             ;
; MISC_FILE                          ; zero_const_1bit.bsf           ; --            ; --           ; --             ;
; MISC_FILE                          ; zero_const_1bit_bb.v          ; --            ; --           ; --             ;
; MISC_FILE                          ; zero_const_1bit.inc           ; --            ; --           ; --             ;
; MISC_FILE                          ; mux21_13bit.bsf               ; --            ; --           ; --             ;
; MISC_FILE                          ; mux21_13bit_bb.v              ; --            ; --           ; --             ;
; MISC_FILE                          ; mux21_13bit.inc               ; --            ; --           ; --             ;
; MISC_FILE                          ; zero_const_13bit.bsf          ; --            ; --           ; --             ;
; MISC_FILE                          ; zero_const_13bit_bb.v         ; --            ; --           ; --             ;
; MISC_FILE                          ; zero_const_13bit.inc          ; --            ; --           ; --             ;
; MISC_FILE                          ; mux31_8bit.bsf                ; --            ; --           ; --             ;
; MISC_FILE                          ; mux31_8bit_bb.v               ; --            ; --           ; --             ;
; MISC_FILE                          ; mux31_8bit.inc                ; --            ; --           ; --             ;
; MISC_FILE                          ; mux21_20bit.bsf               ; --            ; --           ; --             ;
; MISC_FILE                          ; mux21_20bit_bb.v              ; --            ; --           ; --             ;
; MISC_FILE                          ; mux21_20bit.inc               ; --            ; --           ; --             ;
; MISC_FILE                          ; zero_const_20bit.bsf          ; --            ; --           ; --             ;
; MISC_FILE                          ; zero_const_20bit_bb.v         ; --            ; --           ; --             ;
; MISC_FILE                          ; zero_const_20bit.inc          ; --            ; --           ; --             ;
; MISC_FILE                          ; sub_6bit.bsf                  ; --            ; --           ; --             ;
; MISC_FILE                          ; sub_6bit_bb.v                 ; --            ; --           ; --             ;
; MISC_FILE                          ; sub_6bit.inc                  ; --            ; --           ; --             ;
; MISC_FILE                          ; mux21_6bit.bsf                ; --            ; --           ; --             ;
; MISC_FILE                          ; mux21_6bit_bb.v               ; --            ; --           ; --             ;
; MISC_FILE                          ; mux21_6bit.inc                ; --            ; --           ; --             ;
; MISC_FILE                          ; sub2_6bit.bsf                 ; --            ; --           ; --             ;
; MISC_FILE                          ; sub2_6bit_bb.v                ; --            ; --           ; --             ;
; MISC_FILE                          ; sub2_6bit.inc                 ; --            ; --           ; --             ;
; MISC_FILE                          ; mux21_4bit.bsf                ; --            ; --           ; --             ;
; MISC_FILE                          ; mux21_4bit_bb.v               ; --            ; --           ; --             ;
; MISC_FILE                          ; mux21_4bit.inc                ; --            ; --           ; --             ;
; MISC_FILE                          ; adder_4bit.bsf                ; --            ; --           ; --             ;
; MISC_FILE                          ; adder_4bit_bb.v               ; --            ; --           ; --             ;
; MISC_FILE                          ; adder_4bit.inc                ; --            ; --           ; --             ;
; MISC_FILE                          ; mux10to1_1bit.bsf             ; --            ; --           ; --             ;
; MISC_FILE                          ; mux10to1_1bit_bb.v            ; --            ; --           ; --             ;
; MISC_FILE                          ; mux10to1_1bit.inc             ; --            ; --           ; --             ;
; MISC_FILE                          ; comp_cu.bsf                   ; --            ; --           ; --             ;
; MISC_FILE                          ; comp_cu_bb.v                  ; --            ; --           ; --             ;
; MISC_FILE                          ; comp_cu.inc                   ; --            ; --           ; --             ;
; MISC_FILE                          ; D_FF_4.bsf                    ; --            ; --           ; --             ;
; MISC_FILE                          ; D_FF_4_bb.v                   ; --            ; --           ; --             ;
; MISC_FILE                          ; D_FF_4.cmp                    ; --            ; --           ; --             ;
; MISC_FILE                          ; D_FF_32.tdf                   ; --            ; --           ; --             ;
; MISC_FILE                          ; D_FF_32.bsf                   ; --            ; --           ; --             ;
; MISC_FILE                          ; D_FF_32.cmp                   ; --            ; --           ; --             ;
; MISC_FILE                          ; D_FF_5.tdf                    ; --            ; --           ; --             ;
; MISC_FILE                          ; D_FF_5.bsf                    ; --            ; --           ; --             ;
; MISC_FILE                          ; D_FF_5.cmp                    ; --            ; --           ; --             ;
; MISC_FILE                          ; D_FF_8.bsf                    ; --            ; --           ; --             ;
; MISC_FILE                          ; D_FF_8_bb.v                   ; --            ; --           ; --             ;
; MISC_FILE                          ; D_FF_8.cmp                    ; --            ; --           ; --             ;
; MISC_FILE                          ; D_FF_1.bsf                    ; --            ; --           ; --             ;
; MISC_FILE                          ; D_FF_1_bb.v                   ; --            ; --           ; --             ;
; MISC_FILE                          ; D_FF_1.inc                    ; --            ; --           ; --             ;
; MISC_FILE                          ; D_FF_3.bsf                    ; --            ; --           ; --             ;
; MISC_FILE                          ; D_FF_3_bb.v                   ; --            ; --           ; --             ;
; MISC_FILE                          ; D_FF_3.inc                    ; --            ; --           ; --             ;
; MISC_FILE                          ; D_FF_2.bsf                    ; --            ; --           ; --             ;
; MISC_FILE                          ; D_FF_2_bb.v                   ; --            ; --           ; --             ;
; MISC_FILE                          ; D_FF_2.inc                    ; --            ; --           ; --             ;
; MISC_FILE                          ; D_FF_9.bsf                    ; --            ; --           ; --             ;
; MISC_FILE                          ; D_FF_9_bb.v                   ; --            ; --           ; --             ;
; MISC_FILE                          ; D_FF_9.inc                    ; --            ; --           ; --             ;
; MISC_FILE                          ; adder_8bit.bsf                ; --            ; --           ; --             ;
; MISC_FILE                          ; adder_8bit_bb.v               ; --            ; --           ; --             ;
; MISC_FILE                          ; adder_8bit.inc                ; --            ; --           ; --             ;
; MISC_FILE                          ; sub_8bit_1.bsf                ; --            ; --           ; --             ;
; MISC_FILE                          ; sub_8bit_1_bb.v               ; --            ; --           ; --             ;
; MISC_FILE                          ; sub_8bit_1.inc                ; --            ; --           ; --             ;
; MISC_FILE                          ; all_one_const_32.bsf          ; --            ; --           ; --             ;
; MISC_FILE                          ; all_one_const_32_bb.v         ; --            ; --           ; --             ;
; MISC_FILE                          ; all_one_const_32.inc          ; --            ; --           ; --             ;
; MISC_FILE                          ; adder_8bit_1.bsf              ; --            ; --           ; --             ;
; MISC_FILE                          ; adder_8bit_1_bb.v             ; --            ; --           ; --             ;
; MISC_FILE                          ; adder_8bit_1.inc              ; --            ; --           ; --             ;
; PARTITION_COLOR                    ; 16764057                      ; --            ; CPU_pipeline ; Top            ;
; PARTITION_NETLIST_TYPE             ; SOURCE                        ; --            ; CPU_pipeline ; Top            ;
; TOP_LEVEL_ENTITY                   ; CPU_pipeline                  ; CPU           ; --           ; --             ;
; USE_GENERATED_PHYSICAL_CONSTRAINTS ; Off                           ; --            ; --           ; eda_blast_fpga ;
+------------------------------------+-------------------------------+---------------+--------------+----------------+


+-----------------------------------------------------------------------------------------------------------------------------+
; Flow Elapsed Time                                                                                                           ;
+-------------------------+--------------+-------------------------+---------------------+------------------------------------+
; Module Name             ; Elapsed Time ; Average Processors Used ; Peak Virtual Memory ; Total CPU Time (on all processors) ;
+-------------------------+--------------+-------------------------+---------------------+------------------------------------+
; Analysis & Synthesis    ; 00:00:19     ; 1.0                     ; 293 MB              ; 00:00:20                           ;
; Fitter                  ; 00:00:12     ; 1.0                     ; 297 MB              ; 00:00:12                           ;
; Assembler               ; 00:00:04     ; 1.0                     ; 262 MB              ; 00:00:04                           ;
; Classic Timing Analyzer ; 00:00:03     ; 1.0                     ; 207 MB              ; 00:00:02                           ;
; Total                   ; 00:00:38     ; --                      ; --                  ; 00:00:38                           ;
+-------------------------+--------------+-------------------------+---------------------+------------------------------------+


+------------------------------------------------------------------------------------------+
; Flow OS Summary                                                                          ;
+-------------------------+------------------+---------------+------------+----------------+
; Module Name             ; Machine Hostname ; OS Name       ; OS Version ; Processor type ;
+-------------------------+------------------+---------------+------------+----------------+
; Analysis & Synthesis    ; MAHDI            ; Windows Vista ; 6.2        ; x86_64         ;
; Fitter                  ; MAHDI            ; Windows Vista ; 6.2        ; x86_64         ;
; Assembler               ; MAHDI            ; Windows Vista ; 6.2        ; x86_64         ;
; Classic Timing Analyzer ; MAHDI            ; Windows Vista ; 6.2        ; x86_64         ;
+-------------------------+------------------+---------------+------------+----------------+


------------
; Flow Log ;
------------
quartus_map --read_settings_files=on --write_settings_files=off CPU -c CPU
quartus_fit --read_settings_files=off --write_settings_files=off CPU -c CPU
quartus_asm --read_settings_files=off --write_settings_files=off CPU -c CPU
quartus_tan --read_settings_files=off --write_settings_files=off CPU -c CPU --timing_analysis_only



