--------------------------------------------------------------------------------------
Timing Analyzer Summary
--------------------------------------------------------------------------------------

Type           : Worst-case tco
Slack          : N/A
Required Time  : None
Actual Time    : 152.880 ns
From           : ID_EX:inst12|D_FF_32:D1|lpm_ff:lpm_ff_component|dffs[14]
To             : alu_result[29]
From Clock     : clock
To Clock       : --
Failed Paths   : 0

Type           : Clock Setup: 'clock'
Slack          : N/A
Required Time  : None
Actual Time    : 6.96 MHz ( period = 143.586 ns )
From           : ID_EX:inst12|D_FF_32:D1|lpm_ff:lpm_ff_component|dffs[14]
To             : EX_MEM:inst16|D_FF_32:inst|lpm_ff:lpm_ff_component|dffs[30]
From Clock     : clock
To Clock       : clock
Failed Paths   : 0

Type           : Clock Setup: 'clock_reg'
Slack          : N/A
Required Time  : None
Actual Time    : Restricted to 235.07 MHz ( period = 4.254 ns )
From           : registers_mem:inst9|regs2_8bit:inst17|alt3pram:alt3pram_component|altdpram:altdpram_component2|altsyncram:ram_block|altsyncram_0dp1:auto_generated|ram_block1a0~porta_datain_reg7
To             : registers_mem:inst9|regs2_8bit:inst17|alt3pram:alt3pram_component|altdpram:altdpram_component2|altsyncram:ram_block|altsyncram_0dp1:auto_generated|ram_block1a7~porta_memory_reg0
From Clock     : clock_reg
To Clock       : clock_reg
Failed Paths   : 0

Type           : Total number of failed paths
Slack          : 
Required Time  : 
Actual Time    : 
From           : 
To             : 
From Clock     : 
To Clock       : 
Failed Paths   : 0

--------------------------------------------------------------------------------------

