--------------------------------------------------------------------------------------
Timing Analyzer Summary
--------------------------------------------------------------------------------------

Type           : Worst-case tco
Slack          : N/A
Required Time  : None
Actual Time    : 104.868 ns
From           : registers_mem:inst9|regs_8bit:inst4|alt3pram:alt3pram_component|altdpram:altdpram_component2|altsyncram:ram_block|altsyncram_1ot1:auto_generated|ram_block1a0~portb_address_reg4
To             : out[31]
From Clock     : clock_reg
To Clock       : --
Failed Paths   : 0

Type           : Clock Setup: 'clock_reg'
Slack          : N/A
Required Time  : None
Actual Time    : 9.99 MHz ( period = 100.150 ns )
From           : registers_mem:inst9|regs_8bit:inst4|alt3pram:alt3pram_component|altdpram:altdpram_component2|altsyncram:ram_block|altsyncram_1ot1:auto_generated|ram_block1a0~portb_address_reg4
To             : registers_mem:inst9|regs2_8bit:inst17|alt3pram:alt3pram_component|altdpram:altdpram_component1|altsyncram:ram_block|altsyncram_2ep1:auto_generated|ram_block1a0~porta_datain_reg23
From Clock     : clock_reg
To Clock       : clock_reg
Failed Paths   : 0

Type           : Clock Setup: 'clock'
Slack          : N/A
Required Time  : None
Actual Time    : 107.64 MHz ( period = 9.290 ns )
From           : CU_mp:inst2|micro_mem:inst1|altsyncram:altsyncram_component|altsyncram_8881:auto_generated|ram_block1a0~porta_address_reg7
To             : instructions_mem:inst|altsyncram:altsyncram_component|altsyncram_r991:auto_generated|ram_block1a0~porta_address_reg3
From Clock     : clock
To Clock       : clock
Failed Paths   : 0

Type           : Total number of failed paths
Slack          : 
Required Time  : 
Actual Time    : 
From           : 
To             : 
From Clock     : 
To Clock       : 
Failed Paths   : 0

--------------------------------------------------------------------------------------

