Simulator report for CPU
Thu Jul 09 07:18:59 2020
Quartus II Version 9.0 Build 132 02/25/2009 SJ Web Edition


---------------------
; Table of Contents ;
---------------------
  1. Legal Notice
  2. Simulator Summary
  3. Simulator Settings
  4. Simulation Waveforms
  5. Coverage Summary
  6. Complete 1/0-Value Coverage
  7. Missing 1-Value Coverage
  8. Missing 0-Value Coverage
  9. Simulator INI Usage
 10. Simulator Messages



----------------
; Legal Notice ;
----------------
Copyright (C) 1991-2009 Altera Corporation
Your use of Altera Corporation's design tools, logic functions 
and other software and tools, and its AMPP partner logic 
functions, and any output files from any of the foregoing 
(including device programming or simulation files), and any 
associated documentation or information are expressly subject 
to the terms and conditions of the Altera Program License 
Subscription Agreement, Altera MegaCore Function License 
Agreement, or other applicable license agreement, including, 
without limitation, that your use is for the sole purpose of 
programming logic devices manufactured by Altera and sold by 
Altera or its authorized distributors.  Please refer to the 
applicable agreement for further details.



+--------------------------------------------+
; Simulator Summary                          ;
+-----------------------------+--------------+
; Type                        ; Value        ;
+-----------------------------+--------------+
; Simulation Start Time       ; 0 ps         ;
; Simulation End Time         ; 1.0 ms       ;
; Simulation Netlist Size     ; 143 nodes    ;
; Simulation Coverage         ;      24.50 % ;
; Total Number of Transitions ; 433554       ;
; Simulation Breakpoints      ; 0            ;
; Family                      ; Stratix II   ;
; Device                      ; EP2S15F484C3 ;
+-----------------------------+--------------+


+-------------------------------------------------------------------------------------------------------------------------+
; Simulator Settings                                                                                                      ;
+--------------------------------------------------------------------------------------------+------------+---------------+
; Option                                                                                     ; Setting    ; Default Value ;
+--------------------------------------------------------------------------------------------+------------+---------------+
; Simulation mode                                                                            ; Timing     ; Timing        ;
; Start time                                                                                 ; 0 ns       ; 0 ns          ;
; Simulation results format                                                                  ; CVWF       ;               ;
; Add pins automatically to simulation output waveforms                                      ; On         ; On            ;
; Check outputs                                                                              ; Off        ; Off           ;
; Report simulation coverage                                                                 ; On         ; On            ;
; Display complete 1/0 value coverage report                                                 ; On         ; On            ;
; Display missing 1-value coverage report                                                    ; On         ; On            ;
; Display missing 0-value coverage report                                                    ; On         ; On            ;
; Detect setup and hold time violations                                                      ; Off        ; Off           ;
; Detect glitches                                                                            ; Off        ; Off           ;
; Disable timing delays in Timing Simulation                                                 ; Off        ; Off           ;
; Generate Signal Activity File                                                              ; Off        ; Off           ;
; Generate VCD File for PowerPlay Power Analyzer                                             ; Off        ; Off           ;
; Group bus channels in simulation results                                                   ; Off        ; Off           ;
; Preserve fewer signal transitions to reduce memory requirements                            ; On         ; On            ;
; Trigger vector comparison with the specified mode                                          ; INPUT_EDGE ; INPUT_EDGE    ;
; Disable setup and hold time violations detection in input registers of bi-directional pins ; Off        ; Off           ;
; Overwrite Waveform Inputs With Simulation Outputs                                          ; Off        ;               ;
; Perform Glitch Filtering in Timing Simulation                                              ; Auto       ; Auto          ;
+--------------------------------------------------------------------------------------------+------------+---------------+


+----------------------+
; Simulation Waveforms ;
+----------------------+
Waveform report data cannot be output to ASCII.
Please use Quartus II to view the waveform report data.


+--------------------------------------------------------------------+
; Coverage Summary                                                   ;
+-----------------------------------------------------+--------------+
; Type                                                ; Value        ;
+-----------------------------------------------------+--------------+
; Total coverage as a percentage                      ;      24.50 % ;
; Total nodes checked                                 ; 143          ;
; Total output ports checked                          ; 151          ;
; Total output ports with complete 1/0-value coverage ; 37           ;
; Total output ports with no 1/0-value coverage       ; 112          ;
; Total output ports with no 1-value coverage         ; 114          ;
; Total output ports with no 0-value coverage         ; 112          ;
+-----------------------------------------------------+--------------+


The following table displays output ports that toggle between 1 and 0 during simulation.
+--------------------------------------------------------------------------------------------------------------------------------------------------------------------------------------------------------------------------------------+
; Complete 1/0-Value Coverage                                                                                                                                                                                                          ;
+---------------------------------------------------------------------------------------------------------+---------------------------------------------------------------------------------------------------------+------------------+
; Node Name                                                                                               ; Output Port Name                                                                                        ; Output Port Type ;
+---------------------------------------------------------------------------------------------------------+---------------------------------------------------------------------------------------------------------+------------------+
; |immediate_sel|sub2_6bit:inst13|lpm_add_sub:lpm_add_sub_component|add_sub_1qh:auto_generated|op_1~2     ; |immediate_sel|sub2_6bit:inst13|lpm_add_sub:lpm_add_sub_component|add_sub_1qh:auto_generated|op_1~2     ; cout             ;
; |immediate_sel|sub2_6bit:inst13|lpm_add_sub:lpm_add_sub_component|add_sub_1qh:auto_generated|op_1~5     ; |immediate_sel|sub2_6bit:inst13|lpm_add_sub:lpm_add_sub_component|add_sub_1qh:auto_generated|op_1~5     ; sumout           ;
; |immediate_sel|sub2_6bit:inst13|lpm_add_sub:lpm_add_sub_component|add_sub_1qh:auto_generated|op_1~5     ; |immediate_sel|sub2_6bit:inst13|lpm_add_sub:lpm_add_sub_component|add_sub_1qh:auto_generated|op_1~6     ; cout             ;
; |immediate_sel|sub2_6bit:inst13|lpm_add_sub:lpm_add_sub_component|add_sub_1qh:auto_generated|op_1~9     ; |immediate_sel|sub2_6bit:inst13|lpm_add_sub:lpm_add_sub_component|add_sub_1qh:auto_generated|op_1~9     ; sumout           ;
; |immediate_sel|sub2_6bit:inst13|lpm_add_sub:lpm_add_sub_component|add_sub_1qh:auto_generated|op_1~9     ; |immediate_sel|sub2_6bit:inst13|lpm_add_sub:lpm_add_sub_component|add_sub_1qh:auto_generated|op_1~10    ; cout             ;
; |immediate_sel|sub2_6bit:inst13|lpm_add_sub:lpm_add_sub_component|add_sub_1qh:auto_generated|op_1~13    ; |immediate_sel|sub2_6bit:inst13|lpm_add_sub:lpm_add_sub_component|add_sub_1qh:auto_generated|op_1~13    ; sumout           ;
; |immediate_sel|sub2_6bit:inst13|lpm_add_sub:lpm_add_sub_component|add_sub_1qh:auto_generated|op_1~17    ; |immediate_sel|sub2_6bit:inst13|lpm_add_sub:lpm_add_sub_component|add_sub_1qh:auto_generated|op_1~17    ; sumout           ;
; |immediate_sel|sub2_6bit:inst13|lpm_add_sub:lpm_add_sub_component|add_sub_1qh:auto_generated|op_1~17    ; |immediate_sel|sub2_6bit:inst13|lpm_add_sub:lpm_add_sub_component|add_sub_1qh:auto_generated|op_1~18    ; cout             ;
; |immediate_sel|sub2_6bit:inst13|lpm_add_sub:lpm_add_sub_component|add_sub_1qh:auto_generated|op_1~21    ; |immediate_sel|sub2_6bit:inst13|lpm_add_sub:lpm_add_sub_component|add_sub_1qh:auto_generated|op_1~21    ; sumout           ;
; |immediate_sel|sub_6bit:inst12|lpm_add_sub:lpm_add_sub_component|add_sub_1qh:auto_generated|op_1~2      ; |immediate_sel|sub_6bit:inst12|lpm_add_sub:lpm_add_sub_component|add_sub_1qh:auto_generated|op_1~2      ; cout             ;
; |immediate_sel|sub_6bit:inst12|lpm_add_sub:lpm_add_sub_component|add_sub_1qh:auto_generated|op_1~5      ; |immediate_sel|sub_6bit:inst12|lpm_add_sub:lpm_add_sub_component|add_sub_1qh:auto_generated|op_1~5      ; sumout           ;
; |immediate_sel|sub_6bit:inst12|lpm_add_sub:lpm_add_sub_component|add_sub_1qh:auto_generated|op_1~5      ; |immediate_sel|sub_6bit:inst12|lpm_add_sub:lpm_add_sub_component|add_sub_1qh:auto_generated|op_1~6      ; cout             ;
; |immediate_sel|sub_6bit:inst12|lpm_add_sub:lpm_add_sub_component|add_sub_1qh:auto_generated|op_1~9      ; |immediate_sel|sub_6bit:inst12|lpm_add_sub:lpm_add_sub_component|add_sub_1qh:auto_generated|op_1~9      ; sumout           ;
; |immediate_sel|sub_6bit:inst12|lpm_add_sub:lpm_add_sub_component|add_sub_1qh:auto_generated|op_1~13     ; |immediate_sel|sub_6bit:inst12|lpm_add_sub:lpm_add_sub_component|add_sub_1qh:auto_generated|op_1~13     ; sumout           ;
; |immediate_sel|sub_6bit:inst12|lpm_add_sub:lpm_add_sub_component|add_sub_1qh:auto_generated|op_1~17     ; |immediate_sel|sub_6bit:inst12|lpm_add_sub:lpm_add_sub_component|add_sub_1qh:auto_generated|op_1~17     ; sumout           ;
; |immediate_sel|sub_6bit:inst12|lpm_add_sub:lpm_add_sub_component|add_sub_1qh:auto_generated|op_1~17     ; |immediate_sel|sub_6bit:inst12|lpm_add_sub:lpm_add_sub_component|add_sub_1qh:auto_generated|op_1~18     ; cout             ;
; |immediate_sel|sub_6bit:inst12|lpm_add_sub:lpm_add_sub_component|add_sub_1qh:auto_generated|op_1~21     ; |immediate_sel|sub_6bit:inst12|lpm_add_sub:lpm_add_sub_component|add_sub_1qh:auto_generated|op_1~21     ; sumout           ;
; |immediate_sel|mux21_gate:inst6|lpm_mux:lpm_mux_component|mux_bpc:auto_generated|l1_w0_n0_mux_dataout~2 ; |immediate_sel|mux21_gate:inst6|lpm_mux:lpm_mux_component|mux_bpc:auto_generated|l1_w0_n0_mux_dataout~2 ; combout          ;
; |immediate_sel|mux21_6bit:inst8|lpm_mux:lpm_mux_component|mux_snc:auto_generated|l1_w5_n0_mux_dataout~2 ; |immediate_sel|mux21_6bit:inst8|lpm_mux:lpm_mux_component|mux_snc:auto_generated|l1_w5_n0_mux_dataout~2 ; combout          ;
; |immediate_sel|mux21_6bit:inst8|lpm_mux:lpm_mux_component|mux_snc:auto_generated|l1_w4_n0_mux_dataout~2 ; |immediate_sel|mux21_6bit:inst8|lpm_mux:lpm_mux_component|mux_snc:auto_generated|l1_w4_n0_mux_dataout~2 ; combout          ;
; |immediate_sel|mux21_6bit:inst8|lpm_mux:lpm_mux_component|mux_snc:auto_generated|l1_w3_n0_mux_dataout~2 ; |immediate_sel|mux21_6bit:inst8|lpm_mux:lpm_mux_component|mux_snc:auto_generated|l1_w3_n0_mux_dataout~2 ; combout          ;
; |immediate_sel|mux21_6bit:inst8|lpm_mux:lpm_mux_component|mux_snc:auto_generated|l1_w2_n0_mux_dataout~2 ; |immediate_sel|mux21_6bit:inst8|lpm_mux:lpm_mux_component|mux_snc:auto_generated|l1_w2_n0_mux_dataout~2 ; combout          ;
; |immediate_sel|mux21_6bit:inst8|lpm_mux:lpm_mux_component|mux_snc:auto_generated|l1_w1_n0_mux_dataout~2 ; |immediate_sel|mux21_6bit:inst8|lpm_mux:lpm_mux_component|mux_snc:auto_generated|l1_w1_n0_mux_dataout~2 ; combout          ;
; |immediate_sel|mux21_6bit:inst8|lpm_mux:lpm_mux_component|mux_snc:auto_generated|l1_w0_n0_mux_dataout~2 ; |immediate_sel|mux21_6bit:inst8|lpm_mux:lpm_mux_component|mux_snc:auto_generated|l1_w0_n0_mux_dataout~2 ; combout          ;
; |immediate_sel|data[0]                                                                                  ; |immediate_sel|data[0]                                                                                  ; padio            ;
; |immediate_sel|sel[5]                                                                                   ; |immediate_sel|sel[5]                                                                                   ; padio            ;
; |immediate_sel|sel[4]                                                                                   ; |immediate_sel|sel[4]                                                                                   ; padio            ;
; |immediate_sel|sel[3]                                                                                   ; |immediate_sel|sel[3]                                                                                   ; padio            ;
; |immediate_sel|sel[2]                                                                                   ; |immediate_sel|sel[2]                                                                                   ; padio            ;
; |immediate_sel|sel[1]                                                                                   ; |immediate_sel|sel[1]                                                                                   ; padio            ;
; |immediate_sel|sel[0]                                                                                   ; |immediate_sel|sel[0]                                                                                   ; padio            ;
; |immediate_sel|immediate                                                                                ; |immediate_sel|immediate~corein                                                                         ; combout          ;
; |immediate_sel|opcode[4]                                                                                ; |immediate_sel|opcode[4]~corein                                                                         ; combout          ;
; |immediate_sel|opcode[3]                                                                                ; |immediate_sel|opcode[3]~corein                                                                         ; combout          ;
; |immediate_sel|opcode[2]                                                                                ; |immediate_sel|opcode[2]~corein                                                                         ; combout          ;
; |immediate_sel|opcode[1]                                                                                ; |immediate_sel|opcode[1]~corein                                                                         ; combout          ;
; |immediate_sel|opcode[0]                                                                                ; |immediate_sel|opcode[0]~corein                                                                         ; combout          ;
+---------------------------------------------------------------------------------------------------------+---------------------------------------------------------------------------------------------------------+------------------+


The following table displays output ports that do not toggle to 1 during simulation.
+----------------------------------------------------------------------------------------------------------------------------------------------------------------------------------------------------------------------------------------+
; Missing 1-Value Coverage                                                                                                                                                                                                               ;
+----------------------------------------------------------------------------------------------------------+----------------------------------------------------------------------------------------------------------+------------------+
; Node Name                                                                                                ; Output Port Name                                                                                         ; Output Port Type ;
+----------------------------------------------------------------------------------------------------------+----------------------------------------------------------------------------------------------------------+------------------+
; |immediate_sel|sub2_6bit:inst13|lpm_add_sub:lpm_add_sub_component|add_sub_1qh:auto_generated|op_1~13     ; |immediate_sel|sub2_6bit:inst13|lpm_add_sub:lpm_add_sub_component|add_sub_1qh:auto_generated|op_1~14     ; cout             ;
; |immediate_sel|sub_6bit:inst12|lpm_add_sub:lpm_add_sub_component|add_sub_1qh:auto_generated|op_1~9       ; |immediate_sel|sub_6bit:inst12|lpm_add_sub:lpm_add_sub_component|add_sub_1qh:auto_generated|op_1~10      ; cout             ;
; |immediate_sel|sub_6bit:inst12|lpm_add_sub:lpm_add_sub_component|add_sub_1qh:auto_generated|op_1~13      ; |immediate_sel|sub_6bit:inst12|lpm_add_sub:lpm_add_sub_component|add_sub_1qh:auto_generated|op_1~14      ; cout             ;
; |immediate_sel|mux21_gate:inst6|lpm_mux:lpm_mux_component|mux_bpc:auto_generated|l1_w31_n0_mux_dataout~2 ; |immediate_sel|mux21_gate:inst6|lpm_mux:lpm_mux_component|mux_bpc:auto_generated|l1_w31_n0_mux_dataout~2 ; combout          ;
; |immediate_sel|mux21_gate:inst6|lpm_mux:lpm_mux_component|mux_bpc:auto_generated|l1_w30_n0_mux_dataout~2 ; |immediate_sel|mux21_gate:inst6|lpm_mux:lpm_mux_component|mux_bpc:auto_generated|l1_w30_n0_mux_dataout~2 ; combout          ;
; |immediate_sel|mux21_gate:inst6|lpm_mux:lpm_mux_component|mux_bpc:auto_generated|l1_w29_n0_mux_dataout~2 ; |immediate_sel|mux21_gate:inst6|lpm_mux:lpm_mux_component|mux_bpc:auto_generated|l1_w29_n0_mux_dataout~2 ; combout          ;
; |immediate_sel|mux21_gate:inst6|lpm_mux:lpm_mux_component|mux_bpc:auto_generated|l1_w28_n0_mux_dataout~2 ; |immediate_sel|mux21_gate:inst6|lpm_mux:lpm_mux_component|mux_bpc:auto_generated|l1_w28_n0_mux_dataout~2 ; combout          ;
; |immediate_sel|mux21_gate:inst6|lpm_mux:lpm_mux_component|mux_bpc:auto_generated|l1_w27_n0_mux_dataout~2 ; |immediate_sel|mux21_gate:inst6|lpm_mux:lpm_mux_component|mux_bpc:auto_generated|l1_w27_n0_mux_dataout~2 ; combout          ;
; |immediate_sel|mux21_gate:inst6|lpm_mux:lpm_mux_component|mux_bpc:auto_generated|l1_w26_n0_mux_dataout~2 ; |immediate_sel|mux21_gate:inst6|lpm_mux:lpm_mux_component|mux_bpc:auto_generated|l1_w26_n0_mux_dataout~2 ; combout          ;
; |immediate_sel|mux21_gate:inst6|lpm_mux:lpm_mux_component|mux_bpc:auto_generated|l1_w25_n0_mux_dataout~2 ; |immediate_sel|mux21_gate:inst6|lpm_mux:lpm_mux_component|mux_bpc:auto_generated|l1_w25_n0_mux_dataout~2 ; combout          ;
; |immediate_sel|mux21_gate:inst6|lpm_mux:lpm_mux_component|mux_bpc:auto_generated|l1_w24_n0_mux_dataout~2 ; |immediate_sel|mux21_gate:inst6|lpm_mux:lpm_mux_component|mux_bpc:auto_generated|l1_w24_n0_mux_dataout~2 ; combout          ;
; |immediate_sel|mux21_gate:inst6|lpm_mux:lpm_mux_component|mux_bpc:auto_generated|l1_w23_n0_mux_dataout~2 ; |immediate_sel|mux21_gate:inst6|lpm_mux:lpm_mux_component|mux_bpc:auto_generated|l1_w23_n0_mux_dataout~2 ; combout          ;
; |immediate_sel|mux21_gate:inst6|lpm_mux:lpm_mux_component|mux_bpc:auto_generated|l1_w22_n0_mux_dataout~2 ; |immediate_sel|mux21_gate:inst6|lpm_mux:lpm_mux_component|mux_bpc:auto_generated|l1_w22_n0_mux_dataout~2 ; combout          ;
; |immediate_sel|mux21_gate:inst6|lpm_mux:lpm_mux_component|mux_bpc:auto_generated|l1_w21_n0_mux_dataout~2 ; |immediate_sel|mux21_gate:inst6|lpm_mux:lpm_mux_component|mux_bpc:auto_generated|l1_w21_n0_mux_dataout~2 ; combout          ;
; |immediate_sel|mux21_gate:inst6|lpm_mux:lpm_mux_component|mux_bpc:auto_generated|l1_w20_n0_mux_dataout~2 ; |immediate_sel|mux21_gate:inst6|lpm_mux:lpm_mux_component|mux_bpc:auto_generated|l1_w20_n0_mux_dataout~2 ; combout          ;
; |immediate_sel|mux21_gate:inst6|lpm_mux:lpm_mux_component|mux_bpc:auto_generated|l1_w19_n0_mux_dataout~2 ; |immediate_sel|mux21_gate:inst6|lpm_mux:lpm_mux_component|mux_bpc:auto_generated|l1_w19_n0_mux_dataout~2 ; combout          ;
; |immediate_sel|mux21_gate:inst6|lpm_mux:lpm_mux_component|mux_bpc:auto_generated|l1_w18_n0_mux_dataout~2 ; |immediate_sel|mux21_gate:inst6|lpm_mux:lpm_mux_component|mux_bpc:auto_generated|l1_w18_n0_mux_dataout~2 ; combout          ;
; |immediate_sel|mux21_gate:inst6|lpm_mux:lpm_mux_component|mux_bpc:auto_generated|l1_w17_n0_mux_dataout~2 ; |immediate_sel|mux21_gate:inst6|lpm_mux:lpm_mux_component|mux_bpc:auto_generated|l1_w17_n0_mux_dataout~2 ; combout          ;
; |immediate_sel|mux21_gate:inst6|lpm_mux:lpm_mux_component|mux_bpc:auto_generated|l1_w16_n0_mux_dataout~2 ; |immediate_sel|mux21_gate:inst6|lpm_mux:lpm_mux_component|mux_bpc:auto_generated|l1_w16_n0_mux_dataout~2 ; combout          ;
; |immediate_sel|mux21_gate:inst6|lpm_mux:lpm_mux_component|mux_bpc:auto_generated|l1_w15_n0_mux_dataout~2 ; |immediate_sel|mux21_gate:inst6|lpm_mux:lpm_mux_component|mux_bpc:auto_generated|l1_w15_n0_mux_dataout~2 ; combout          ;
; |immediate_sel|mux21_gate:inst6|lpm_mux:lpm_mux_component|mux_bpc:auto_generated|l1_w14_n0_mux_dataout~2 ; |immediate_sel|mux21_gate:inst6|lpm_mux:lpm_mux_component|mux_bpc:auto_generated|l1_w14_n0_mux_dataout~2 ; combout          ;
; |immediate_sel|mux21_gate:inst6|lpm_mux:lpm_mux_component|mux_bpc:auto_generated|l1_w13_n0_mux_dataout~2 ; |immediate_sel|mux21_gate:inst6|lpm_mux:lpm_mux_component|mux_bpc:auto_generated|l1_w13_n0_mux_dataout~2 ; combout          ;
; |immediate_sel|mux21_gate:inst6|lpm_mux:lpm_mux_component|mux_bpc:auto_generated|l1_w12_n0_mux_dataout~2 ; |immediate_sel|mux21_gate:inst6|lpm_mux:lpm_mux_component|mux_bpc:auto_generated|l1_w12_n0_mux_dataout~2 ; combout          ;
; |immediate_sel|mux21_gate:inst6|lpm_mux:lpm_mux_component|mux_bpc:auto_generated|l1_w11_n0_mux_dataout~2 ; |immediate_sel|mux21_gate:inst6|lpm_mux:lpm_mux_component|mux_bpc:auto_generated|l1_w11_n0_mux_dataout~2 ; combout          ;
; |immediate_sel|mux21_gate:inst6|lpm_mux:lpm_mux_component|mux_bpc:auto_generated|l1_w10_n0_mux_dataout~2 ; |immediate_sel|mux21_gate:inst6|lpm_mux:lpm_mux_component|mux_bpc:auto_generated|l1_w10_n0_mux_dataout~2 ; combout          ;
; |immediate_sel|mux21_gate:inst6|lpm_mux:lpm_mux_component|mux_bpc:auto_generated|l1_w9_n0_mux_dataout~2  ; |immediate_sel|mux21_gate:inst6|lpm_mux:lpm_mux_component|mux_bpc:auto_generated|l1_w9_n0_mux_dataout~2  ; combout          ;
; |immediate_sel|mux21_gate:inst6|lpm_mux:lpm_mux_component|mux_bpc:auto_generated|l1_w8_n0_mux_dataout~2  ; |immediate_sel|mux21_gate:inst6|lpm_mux:lpm_mux_component|mux_bpc:auto_generated|l1_w8_n0_mux_dataout~2  ; combout          ;
; |immediate_sel|mux21_gate:inst6|lpm_mux:lpm_mux_component|mux_bpc:auto_generated|l1_w7_n0_mux_dataout~2  ; |immediate_sel|mux21_gate:inst6|lpm_mux:lpm_mux_component|mux_bpc:auto_generated|l1_w7_n0_mux_dataout~2  ; combout          ;
; |immediate_sel|mux21_gate:inst6|lpm_mux:lpm_mux_component|mux_bpc:auto_generated|l1_w6_n0_mux_dataout~2  ; |immediate_sel|mux21_gate:inst6|lpm_mux:lpm_mux_component|mux_bpc:auto_generated|l1_w6_n0_mux_dataout~2  ; combout          ;
; |immediate_sel|mux21_gate:inst6|lpm_mux:lpm_mux_component|mux_bpc:auto_generated|l1_w5_n0_mux_dataout~2  ; |immediate_sel|mux21_gate:inst6|lpm_mux:lpm_mux_component|mux_bpc:auto_generated|l1_w5_n0_mux_dataout~2  ; combout          ;
; |immediate_sel|mux21_gate:inst6|lpm_mux:lpm_mux_component|mux_bpc:auto_generated|l1_w4_n0_mux_dataout~2  ; |immediate_sel|mux21_gate:inst6|lpm_mux:lpm_mux_component|mux_bpc:auto_generated|l1_w4_n0_mux_dataout~2  ; combout          ;
; |immediate_sel|mux21_gate:inst6|lpm_mux:lpm_mux_component|mux_bpc:auto_generated|l1_w3_n0_mux_dataout~2  ; |immediate_sel|mux21_gate:inst6|lpm_mux:lpm_mux_component|mux_bpc:auto_generated|l1_w3_n0_mux_dataout~2  ; combout          ;
; |immediate_sel|mux21_gate:inst6|lpm_mux:lpm_mux_component|mux_bpc:auto_generated|l1_w2_n0_mux_dataout~2  ; |immediate_sel|mux21_gate:inst6|lpm_mux:lpm_mux_component|mux_bpc:auto_generated|l1_w2_n0_mux_dataout~2  ; combout          ;
; |immediate_sel|mux21_gate:inst6|lpm_mux:lpm_mux_component|mux_bpc:auto_generated|l1_w1_n0_mux_dataout~2  ; |immediate_sel|mux21_gate:inst6|lpm_mux:lpm_mux_component|mux_bpc:auto_generated|l1_w1_n0_mux_dataout~2  ; combout          ;
; |immediate_sel|data[31]                                                                                  ; |immediate_sel|data[31]                                                                                  ; padio            ;
; |immediate_sel|data[30]                                                                                  ; |immediate_sel|data[30]                                                                                  ; padio            ;
; |immediate_sel|data[29]                                                                                  ; |immediate_sel|data[29]                                                                                  ; padio            ;
; |immediate_sel|data[28]                                                                                  ; |immediate_sel|data[28]                                                                                  ; padio            ;
; |immediate_sel|data[27]                                                                                  ; |immediate_sel|data[27]                                                                                  ; padio            ;
; |immediate_sel|data[26]                                                                                  ; |immediate_sel|data[26]                                                                                  ; padio            ;
; |immediate_sel|data[25]                                                                                  ; |immediate_sel|data[25]                                                                                  ; padio            ;
; |immediate_sel|data[24]                                                                                  ; |immediate_sel|data[24]                                                                                  ; padio            ;
; |immediate_sel|data[23]                                                                                  ; |immediate_sel|data[23]                                                                                  ; padio            ;
; |immediate_sel|data[22]                                                                                  ; |immediate_sel|data[22]                                                                                  ; padio            ;
; |immediate_sel|data[21]                                                                                  ; |immediate_sel|data[21]                                                                                  ; padio            ;
; |immediate_sel|data[20]                                                                                  ; |immediate_sel|data[20]                                                                                  ; padio            ;
; |immediate_sel|data[19]                                                                                  ; |immediate_sel|data[19]                                                                                  ; padio            ;
; |immediate_sel|data[18]                                                                                  ; |immediate_sel|data[18]                                                                                  ; padio            ;
; |immediate_sel|data[17]                                                                                  ; |immediate_sel|data[17]                                                                                  ; padio            ;
; |immediate_sel|data[16]                                                                                  ; |immediate_sel|data[16]                                                                                  ; padio            ;
; |immediate_sel|data[15]                                                                                  ; |immediate_sel|data[15]                                                                                  ; padio            ;
; |immediate_sel|data[14]                                                                                  ; |immediate_sel|data[14]                                                                                  ; padio            ;
; |immediate_sel|data[13]                                                                                  ; |immediate_sel|data[13]                                                                                  ; padio            ;
; |immediate_sel|data[12]                                                                                  ; |immediate_sel|data[12]                                                                                  ; padio            ;
; |immediate_sel|data[11]                                                                                  ; |immediate_sel|data[11]                                                                                  ; padio            ;
; |immediate_sel|data[10]                                                                                  ; |immediate_sel|data[10]                                                                                  ; padio            ;
; |immediate_sel|data[9]                                                                                   ; |immediate_sel|data[9]                                                                                   ; padio            ;
; |immediate_sel|data[8]                                                                                   ; |immediate_sel|data[8]                                                                                   ; padio            ;
; |immediate_sel|data[7]                                                                                   ; |immediate_sel|data[7]                                                                                   ; padio            ;
; |immediate_sel|data[6]                                                                                   ; |immediate_sel|data[6]                                                                                   ; padio            ;
; |immediate_sel|data[5]                                                                                   ; |immediate_sel|data[5]                                                                                   ; padio            ;
; |immediate_sel|data[4]                                                                                   ; |immediate_sel|data[4]                                                                                   ; padio            ;
; |immediate_sel|data[3]                                                                                   ; |immediate_sel|data[3]                                                                                   ; padio            ;
; |immediate_sel|data[2]                                                                                   ; |immediate_sel|data[2]                                                                                   ; padio            ;
; |immediate_sel|data[1]                                                                                   ; |immediate_sel|data[1]                                                                                   ; padio            ;
; |immediate_sel|datai[15]                                                                                 ; |immediate_sel|datai[15]~corein                                                                          ; combout          ;
; |immediate_sel|datab[31]                                                                                 ; |immediate_sel|datab[31]~corein                                                                          ; combout          ;
; |immediate_sel|datab[30]                                                                                 ; |immediate_sel|datab[30]~corein                                                                          ; combout          ;
; |immediate_sel|datab[29]                                                                                 ; |immediate_sel|datab[29]~corein                                                                          ; combout          ;
; |immediate_sel|datab[28]                                                                                 ; |immediate_sel|datab[28]~corein                                                                          ; combout          ;
; |immediate_sel|datab[27]                                                                                 ; |immediate_sel|datab[27]~corein                                                                          ; combout          ;
; |immediate_sel|datab[26]                                                                                 ; |immediate_sel|datab[26]~corein                                                                          ; combout          ;
; |immediate_sel|datab[25]                                                                                 ; |immediate_sel|datab[25]~corein                                                                          ; combout          ;
; |immediate_sel|datab[24]                                                                                 ; |immediate_sel|datab[24]~corein                                                                          ; combout          ;
; |immediate_sel|datab[23]                                                                                 ; |immediate_sel|datab[23]~corein                                                                          ; combout          ;
; |immediate_sel|datab[22]                                                                                 ; |immediate_sel|datab[22]~corein                                                                          ; combout          ;
; |immediate_sel|datab[21]                                                                                 ; |immediate_sel|datab[21]~corein                                                                          ; combout          ;
; |immediate_sel|datab[20]                                                                                 ; |immediate_sel|datab[20]~corein                                                                          ; combout          ;
; |immediate_sel|datab[19]                                                                                 ; |immediate_sel|datab[19]~corein                                                                          ; combout          ;
; |immediate_sel|datab[18]                                                                                 ; |immediate_sel|datab[18]~corein                                                                          ; combout          ;
; |immediate_sel|datab[17]                                                                                 ; |immediate_sel|datab[17]~corein                                                                          ; combout          ;
; |immediate_sel|datab[16]                                                                                 ; |immediate_sel|datab[16]~corein                                                                          ; combout          ;
; |immediate_sel|datab[15]                                                                                 ; |immediate_sel|datab[15]~corein                                                                          ; combout          ;
; |immediate_sel|datai[14]                                                                                 ; |immediate_sel|datai[14]~corein                                                                          ; combout          ;
; |immediate_sel|datab[14]                                                                                 ; |immediate_sel|datab[14]~corein                                                                          ; combout          ;
; |immediate_sel|datai[13]                                                                                 ; |immediate_sel|datai[13]~corein                                                                          ; combout          ;
; |immediate_sel|datab[13]                                                                                 ; |immediate_sel|datab[13]~corein                                                                          ; combout          ;
; |immediate_sel|datai[12]                                                                                 ; |immediate_sel|datai[12]~corein                                                                          ; combout          ;
; |immediate_sel|datab[12]                                                                                 ; |immediate_sel|datab[12]~corein                                                                          ; combout          ;
; |immediate_sel|datai[11]                                                                                 ; |immediate_sel|datai[11]~corein                                                                          ; combout          ;
; |immediate_sel|datab[11]                                                                                 ; |immediate_sel|datab[11]~corein                                                                          ; combout          ;
; |immediate_sel|datai[10]                                                                                 ; |immediate_sel|datai[10]~corein                                                                          ; combout          ;
; |immediate_sel|datab[10]                                                                                 ; |immediate_sel|datab[10]~corein                                                                          ; combout          ;
; |immediate_sel|datai[9]                                                                                  ; |immediate_sel|datai[9]~corein                                                                           ; combout          ;
; |immediate_sel|datab[9]                                                                                  ; |immediate_sel|datab[9]~corein                                                                           ; combout          ;
; |immediate_sel|datai[8]                                                                                  ; |immediate_sel|datai[8]~corein                                                                           ; combout          ;
; |immediate_sel|datab[8]                                                                                  ; |immediate_sel|datab[8]~corein                                                                           ; combout          ;
; |immediate_sel|datai[7]                                                                                  ; |immediate_sel|datai[7]~corein                                                                           ; combout          ;
; |immediate_sel|datab[7]                                                                                  ; |immediate_sel|datab[7]~corein                                                                           ; combout          ;
; |immediate_sel|datai[6]                                                                                  ; |immediate_sel|datai[6]~corein                                                                           ; combout          ;
; |immediate_sel|datab[6]                                                                                  ; |immediate_sel|datab[6]~corein                                                                           ; combout          ;
; |immediate_sel|datai[5]                                                                                  ; |immediate_sel|datai[5]~corein                                                                           ; combout          ;
; |immediate_sel|datab[5]                                                                                  ; |immediate_sel|datab[5]~corein                                                                           ; combout          ;
; |immediate_sel|datai[4]                                                                                  ; |immediate_sel|datai[4]~corein                                                                           ; combout          ;
; |immediate_sel|datab[4]                                                                                  ; |immediate_sel|datab[4]~corein                                                                           ; combout          ;
; |immediate_sel|datai[3]                                                                                  ; |immediate_sel|datai[3]~corein                                                                           ; combout          ;
; |immediate_sel|datab[3]                                                                                  ; |immediate_sel|datab[3]~corein                                                                           ; combout          ;
; |immediate_sel|datai[2]                                                                                  ; |immediate_sel|datai[2]~corein                                                                           ; combout          ;
; |immediate_sel|datab[2]                                                                                  ; |immediate_sel|datab[2]~corein                                                                           ; combout          ;
; |immediate_sel|datai[1]                                                                                  ; |immediate_sel|datai[1]~corein                                                                           ; combout          ;
; |immediate_sel|datab[1]                                                                                  ; |immediate_sel|datab[1]~corein                                                                           ; combout          ;
; |immediate_sel|datai[0]                                                                                  ; |immediate_sel|datai[0]~corein                                                                           ; combout          ;
; |immediate_sel|datab[0]                                                                                  ; |immediate_sel|datab[0]~corein                                                                           ; combout          ;
; |immediate_sel|opcode[5]                                                                                 ; |immediate_sel|opcode[5]~corein                                                                          ; combout          ;
+----------------------------------------------------------------------------------------------------------+----------------------------------------------------------------------------------------------------------+------------------+


The following table displays output ports that do not toggle to 0 during simulation.
+----------------------------------------------------------------------------------------------------------------------------------------------------------------------------------------------------------------------------------------+
; Missing 0-Value Coverage                                                                                                                                                                                                               ;
+----------------------------------------------------------------------------------------------------------+----------------------------------------------------------------------------------------------------------+------------------+
; Node Name                                                                                                ; Output Port Name                                                                                         ; Output Port Type ;
+----------------------------------------------------------------------------------------------------------+----------------------------------------------------------------------------------------------------------+------------------+
; |immediate_sel|sub2_6bit:inst13|lpm_add_sub:lpm_add_sub_component|add_sub_1qh:auto_generated|op_1~13     ; |immediate_sel|sub2_6bit:inst13|lpm_add_sub:lpm_add_sub_component|add_sub_1qh:auto_generated|op_1~14     ; cout             ;
; |immediate_sel|mux21_gate:inst6|lpm_mux:lpm_mux_component|mux_bpc:auto_generated|l1_w31_n0_mux_dataout~2 ; |immediate_sel|mux21_gate:inst6|lpm_mux:lpm_mux_component|mux_bpc:auto_generated|l1_w31_n0_mux_dataout~2 ; combout          ;
; |immediate_sel|mux21_gate:inst6|lpm_mux:lpm_mux_component|mux_bpc:auto_generated|l1_w30_n0_mux_dataout~2 ; |immediate_sel|mux21_gate:inst6|lpm_mux:lpm_mux_component|mux_bpc:auto_generated|l1_w30_n0_mux_dataout~2 ; combout          ;
; |immediate_sel|mux21_gate:inst6|lpm_mux:lpm_mux_component|mux_bpc:auto_generated|l1_w29_n0_mux_dataout~2 ; |immediate_sel|mux21_gate:inst6|lpm_mux:lpm_mux_component|mux_bpc:auto_generated|l1_w29_n0_mux_dataout~2 ; combout          ;
; |immediate_sel|mux21_gate:inst6|lpm_mux:lpm_mux_component|mux_bpc:auto_generated|l1_w28_n0_mux_dataout~2 ; |immediate_sel|mux21_gate:inst6|lpm_mux:lpm_mux_component|mux_bpc:auto_generated|l1_w28_n0_mux_dataout~2 ; combout          ;
; |immediate_sel|mux21_gate:inst6|lpm_mux:lpm_mux_component|mux_bpc:auto_generated|l1_w27_n0_mux_dataout~2 ; |immediate_sel|mux21_gate:inst6|lpm_mux:lpm_mux_component|mux_bpc:auto_generated|l1_w27_n0_mux_dataout~2 ; combout          ;
; |immediate_sel|mux21_gate:inst6|lpm_mux:lpm_mux_component|mux_bpc:auto_generated|l1_w26_n0_mux_dataout~2 ; |immediate_sel|mux21_gate:inst6|lpm_mux:lpm_mux_component|mux_bpc:auto_generated|l1_w26_n0_mux_dataout~2 ; combout          ;
; |immediate_sel|mux21_gate:inst6|lpm_mux:lpm_mux_component|mux_bpc:auto_generated|l1_w25_n0_mux_dataout~2 ; |immediate_sel|mux21_gate:inst6|lpm_mux:lpm_mux_component|mux_bpc:auto_generated|l1_w25_n0_mux_dataout~2 ; combout          ;
; |immediate_sel|mux21_gate:inst6|lpm_mux:lpm_mux_component|mux_bpc:auto_generated|l1_w24_n0_mux_dataout~2 ; |immediate_sel|mux21_gate:inst6|lpm_mux:lpm_mux_component|mux_bpc:auto_generated|l1_w24_n0_mux_dataout~2 ; combout          ;
; |immediate_sel|mux21_gate:inst6|lpm_mux:lpm_mux_component|mux_bpc:auto_generated|l1_w23_n0_mux_dataout~2 ; |immediate_sel|mux21_gate:inst6|lpm_mux:lpm_mux_component|mux_bpc:auto_generated|l1_w23_n0_mux_dataout~2 ; combout          ;
; |immediate_sel|mux21_gate:inst6|lpm_mux:lpm_mux_component|mux_bpc:auto_generated|l1_w22_n0_mux_dataout~2 ; |immediate_sel|mux21_gate:inst6|lpm_mux:lpm_mux_component|mux_bpc:auto_generated|l1_w22_n0_mux_dataout~2 ; combout          ;
; |immediate_sel|mux21_gate:inst6|lpm_mux:lpm_mux_component|mux_bpc:auto_generated|l1_w21_n0_mux_dataout~2 ; |immediate_sel|mux21_gate:inst6|lpm_mux:lpm_mux_component|mux_bpc:auto_generated|l1_w21_n0_mux_dataout~2 ; combout          ;
; |immediate_sel|mux21_gate:inst6|lpm_mux:lpm_mux_component|mux_bpc:auto_generated|l1_w20_n0_mux_dataout~2 ; |immediate_sel|mux21_gate:inst6|lpm_mux:lpm_mux_component|mux_bpc:auto_generated|l1_w20_n0_mux_dataout~2 ; combout          ;
; |immediate_sel|mux21_gate:inst6|lpm_mux:lpm_mux_component|mux_bpc:auto_generated|l1_w19_n0_mux_dataout~2 ; |immediate_sel|mux21_gate:inst6|lpm_mux:lpm_mux_component|mux_bpc:auto_generated|l1_w19_n0_mux_dataout~2 ; combout          ;
; |immediate_sel|mux21_gate:inst6|lpm_mux:lpm_mux_component|mux_bpc:auto_generated|l1_w18_n0_mux_dataout~2 ; |immediate_sel|mux21_gate:inst6|lpm_mux:lpm_mux_component|mux_bpc:auto_generated|l1_w18_n0_mux_dataout~2 ; combout          ;
; |immediate_sel|mux21_gate:inst6|lpm_mux:lpm_mux_component|mux_bpc:auto_generated|l1_w17_n0_mux_dataout~2 ; |immediate_sel|mux21_gate:inst6|lpm_mux:lpm_mux_component|mux_bpc:auto_generated|l1_w17_n0_mux_dataout~2 ; combout          ;
; |immediate_sel|mux21_gate:inst6|lpm_mux:lpm_mux_component|mux_bpc:auto_generated|l1_w16_n0_mux_dataout~2 ; |immediate_sel|mux21_gate:inst6|lpm_mux:lpm_mux_component|mux_bpc:auto_generated|l1_w16_n0_mux_dataout~2 ; combout          ;
; |immediate_sel|mux21_gate:inst6|lpm_mux:lpm_mux_component|mux_bpc:auto_generated|l1_w15_n0_mux_dataout~2 ; |immediate_sel|mux21_gate:inst6|lpm_mux:lpm_mux_component|mux_bpc:auto_generated|l1_w15_n0_mux_dataout~2 ; combout          ;
; |immediate_sel|mux21_gate:inst6|lpm_mux:lpm_mux_component|mux_bpc:auto_generated|l1_w14_n0_mux_dataout~2 ; |immediate_sel|mux21_gate:inst6|lpm_mux:lpm_mux_component|mux_bpc:auto_generated|l1_w14_n0_mux_dataout~2 ; combout          ;
; |immediate_sel|mux21_gate:inst6|lpm_mux:lpm_mux_component|mux_bpc:auto_generated|l1_w13_n0_mux_dataout~2 ; |immediate_sel|mux21_gate:inst6|lpm_mux:lpm_mux_component|mux_bpc:auto_generated|l1_w13_n0_mux_dataout~2 ; combout          ;
; |immediate_sel|mux21_gate:inst6|lpm_mux:lpm_mux_component|mux_bpc:auto_generated|l1_w12_n0_mux_dataout~2 ; |immediate_sel|mux21_gate:inst6|lpm_mux:lpm_mux_component|mux_bpc:auto_generated|l1_w12_n0_mux_dataout~2 ; combout          ;
; |immediate_sel|mux21_gate:inst6|lpm_mux:lpm_mux_component|mux_bpc:auto_generated|l1_w11_n0_mux_dataout~2 ; |immediate_sel|mux21_gate:inst6|lpm_mux:lpm_mux_component|mux_bpc:auto_generated|l1_w11_n0_mux_dataout~2 ; combout          ;
; |immediate_sel|mux21_gate:inst6|lpm_mux:lpm_mux_component|mux_bpc:auto_generated|l1_w10_n0_mux_dataout~2 ; |immediate_sel|mux21_gate:inst6|lpm_mux:lpm_mux_component|mux_bpc:auto_generated|l1_w10_n0_mux_dataout~2 ; combout          ;
; |immediate_sel|mux21_gate:inst6|lpm_mux:lpm_mux_component|mux_bpc:auto_generated|l1_w9_n0_mux_dataout~2  ; |immediate_sel|mux21_gate:inst6|lpm_mux:lpm_mux_component|mux_bpc:auto_generated|l1_w9_n0_mux_dataout~2  ; combout          ;
; |immediate_sel|mux21_gate:inst6|lpm_mux:lpm_mux_component|mux_bpc:auto_generated|l1_w8_n0_mux_dataout~2  ; |immediate_sel|mux21_gate:inst6|lpm_mux:lpm_mux_component|mux_bpc:auto_generated|l1_w8_n0_mux_dataout~2  ; combout          ;
; |immediate_sel|mux21_gate:inst6|lpm_mux:lpm_mux_component|mux_bpc:auto_generated|l1_w7_n0_mux_dataout~2  ; |immediate_sel|mux21_gate:inst6|lpm_mux:lpm_mux_component|mux_bpc:auto_generated|l1_w7_n0_mux_dataout~2  ; combout          ;
; |immediate_sel|mux21_gate:inst6|lpm_mux:lpm_mux_component|mux_bpc:auto_generated|l1_w6_n0_mux_dataout~2  ; |immediate_sel|mux21_gate:inst6|lpm_mux:lpm_mux_component|mux_bpc:auto_generated|l1_w6_n0_mux_dataout~2  ; combout          ;
; |immediate_sel|mux21_gate:inst6|lpm_mux:lpm_mux_component|mux_bpc:auto_generated|l1_w5_n0_mux_dataout~2  ; |immediate_sel|mux21_gate:inst6|lpm_mux:lpm_mux_component|mux_bpc:auto_generated|l1_w5_n0_mux_dataout~2  ; combout          ;
; |immediate_sel|mux21_gate:inst6|lpm_mux:lpm_mux_component|mux_bpc:auto_generated|l1_w4_n0_mux_dataout~2  ; |immediate_sel|mux21_gate:inst6|lpm_mux:lpm_mux_component|mux_bpc:auto_generated|l1_w4_n0_mux_dataout~2  ; combout          ;
; |immediate_sel|mux21_gate:inst6|lpm_mux:lpm_mux_component|mux_bpc:auto_generated|l1_w3_n0_mux_dataout~2  ; |immediate_sel|mux21_gate:inst6|lpm_mux:lpm_mux_component|mux_bpc:auto_generated|l1_w3_n0_mux_dataout~2  ; combout          ;
; |immediate_sel|mux21_gate:inst6|lpm_mux:lpm_mux_component|mux_bpc:auto_generated|l1_w2_n0_mux_dataout~2  ; |immediate_sel|mux21_gate:inst6|lpm_mux:lpm_mux_component|mux_bpc:auto_generated|l1_w2_n0_mux_dataout~2  ; combout          ;
; |immediate_sel|mux21_gate:inst6|lpm_mux:lpm_mux_component|mux_bpc:auto_generated|l1_w1_n0_mux_dataout~2  ; |immediate_sel|mux21_gate:inst6|lpm_mux:lpm_mux_component|mux_bpc:auto_generated|l1_w1_n0_mux_dataout~2  ; combout          ;
; |immediate_sel|data[31]                                                                                  ; |immediate_sel|data[31]                                                                                  ; padio            ;
; |immediate_sel|data[30]                                                                                  ; |immediate_sel|data[30]                                                                                  ; padio            ;
; |immediate_sel|data[29]                                                                                  ; |immediate_sel|data[29]                                                                                  ; padio            ;
; |immediate_sel|data[28]                                                                                  ; |immediate_sel|data[28]                                                                                  ; padio            ;
; |immediate_sel|data[27]                                                                                  ; |immediate_sel|data[27]                                                                                  ; padio            ;
; |immediate_sel|data[26]                                                                                  ; |immediate_sel|data[26]                                                                                  ; padio            ;
; |immediate_sel|data[25]                                                                                  ; |immediate_sel|data[25]                                                                                  ; padio            ;
; |immediate_sel|data[24]                                                                                  ; |immediate_sel|data[24]                                                                                  ; padio            ;
; |immediate_sel|data[23]                                                                                  ; |immediate_sel|data[23]                                                                                  ; padio            ;
; |immediate_sel|data[22]                                                                                  ; |immediate_sel|data[22]                                                                                  ; padio            ;
; |immediate_sel|data[21]                                                                                  ; |immediate_sel|data[21]                                                                                  ; padio            ;
; |immediate_sel|data[20]                                                                                  ; |immediate_sel|data[20]                                                                                  ; padio            ;
; |immediate_sel|data[19]                                                                                  ; |immediate_sel|data[19]                                                                                  ; padio            ;
; |immediate_sel|data[18]                                                                                  ; |immediate_sel|data[18]                                                                                  ; padio            ;
; |immediate_sel|data[17]                                                                                  ; |immediate_sel|data[17]                                                                                  ; padio            ;
; |immediate_sel|data[16]                                                                                  ; |immediate_sel|data[16]                                                                                  ; padio            ;
; |immediate_sel|data[15]                                                                                  ; |immediate_sel|data[15]                                                                                  ; padio            ;
; |immediate_sel|data[14]                                                                                  ; |immediate_sel|data[14]                                                                                  ; padio            ;
; |immediate_sel|data[13]                                                                                  ; |immediate_sel|data[13]                                                                                  ; padio            ;
; |immediate_sel|data[12]                                                                                  ; |immediate_sel|data[12]                                                                                  ; padio            ;
; |immediate_sel|data[11]                                                                                  ; |immediate_sel|data[11]                                                                                  ; padio            ;
; |immediate_sel|data[10]                                                                                  ; |immediate_sel|data[10]                                                                                  ; padio            ;
; |immediate_sel|data[9]                                                                                   ; |immediate_sel|data[9]                                                                                   ; padio            ;
; |immediate_sel|data[8]                                                                                   ; |immediate_sel|data[8]                                                                                   ; padio            ;
; |immediate_sel|data[7]                                                                                   ; |immediate_sel|data[7]                                                                                   ; padio            ;
; |immediate_sel|data[6]                                                                                   ; |immediate_sel|data[6]                                                                                   ; padio            ;
; |immediate_sel|data[5]                                                                                   ; |immediate_sel|data[5]                                                                                   ; padio            ;
; |immediate_sel|data[4]                                                                                   ; |immediate_sel|data[4]                                                                                   ; padio            ;
; |immediate_sel|data[3]                                                                                   ; |immediate_sel|data[3]                                                                                   ; padio            ;
; |immediate_sel|data[2]                                                                                   ; |immediate_sel|data[2]                                                                                   ; padio            ;
; |immediate_sel|data[1]                                                                                   ; |immediate_sel|data[1]                                                                                   ; padio            ;
; |immediate_sel|datai[15]                                                                                 ; |immediate_sel|datai[15]~corein                                                                          ; combout          ;
; |immediate_sel|datab[31]                                                                                 ; |immediate_sel|datab[31]~corein                                                                          ; combout          ;
; |immediate_sel|datab[30]                                                                                 ; |immediate_sel|datab[30]~corein                                                                          ; combout          ;
; |immediate_sel|datab[29]                                                                                 ; |immediate_sel|datab[29]~corein                                                                          ; combout          ;
; |immediate_sel|datab[28]                                                                                 ; |immediate_sel|datab[28]~corein                                                                          ; combout          ;
; |immediate_sel|datab[27]                                                                                 ; |immediate_sel|datab[27]~corein                                                                          ; combout          ;
; |immediate_sel|datab[26]                                                                                 ; |immediate_sel|datab[26]~corein                                                                          ; combout          ;
; |immediate_sel|datab[25]                                                                                 ; |immediate_sel|datab[25]~corein                                                                          ; combout          ;
; |immediate_sel|datab[24]                                                                                 ; |immediate_sel|datab[24]~corein                                                                          ; combout          ;
; |immediate_sel|datab[23]                                                                                 ; |immediate_sel|datab[23]~corein                                                                          ; combout          ;
; |immediate_sel|datab[22]                                                                                 ; |immediate_sel|datab[22]~corein                                                                          ; combout          ;
; |immediate_sel|datab[21]                                                                                 ; |immediate_sel|datab[21]~corein                                                                          ; combout          ;
; |immediate_sel|datab[20]                                                                                 ; |immediate_sel|datab[20]~corein                                                                          ; combout          ;
; |immediate_sel|datab[19]                                                                                 ; |immediate_sel|datab[19]~corein                                                                          ; combout          ;
; |immediate_sel|datab[18]                                                                                 ; |immediate_sel|datab[18]~corein                                                                          ; combout          ;
; |immediate_sel|datab[17]                                                                                 ; |immediate_sel|datab[17]~corein                                                                          ; combout          ;
; |immediate_sel|datab[16]                                                                                 ; |immediate_sel|datab[16]~corein                                                                          ; combout          ;
; |immediate_sel|datab[15]                                                                                 ; |immediate_sel|datab[15]~corein                                                                          ; combout          ;
; |immediate_sel|datai[14]                                                                                 ; |immediate_sel|datai[14]~corein                                                                          ; combout          ;
; |immediate_sel|datab[14]                                                                                 ; |immediate_sel|datab[14]~corein                                                                          ; combout          ;
; |immediate_sel|datai[13]                                                                                 ; |immediate_sel|datai[13]~corein                                                                          ; combout          ;
; |immediate_sel|datab[13]                                                                                 ; |immediate_sel|datab[13]~corein                                                                          ; combout          ;
; |immediate_sel|datai[12]                                                                                 ; |immediate_sel|datai[12]~corein                                                                          ; combout          ;
; |immediate_sel|datab[12]                                                                                 ; |immediate_sel|datab[12]~corein                                                                          ; combout          ;
; |immediate_sel|datai[11]                                                                                 ; |immediate_sel|datai[11]~corein                                                                          ; combout          ;
; |immediate_sel|datab[11]                                                                                 ; |immediate_sel|datab[11]~corein                                                                          ; combout          ;
; |immediate_sel|datai[10]                                                                                 ; |immediate_sel|datai[10]~corein                                                                          ; combout          ;
; |immediate_sel|datab[10]                                                                                 ; |immediate_sel|datab[10]~corein                                                                          ; combout          ;
; |immediate_sel|datai[9]                                                                                  ; |immediate_sel|datai[9]~corein                                                                           ; combout          ;
; |immediate_sel|datab[9]                                                                                  ; |immediate_sel|datab[9]~corein                                                                           ; combout          ;
; |immediate_sel|datai[8]                                                                                  ; |immediate_sel|datai[8]~corein                                                                           ; combout          ;
; |immediate_sel|datab[8]                                                                                  ; |immediate_sel|datab[8]~corein                                                                           ; combout          ;
; |immediate_sel|datai[7]                                                                                  ; |immediate_sel|datai[7]~corein                                                                           ; combout          ;
; |immediate_sel|datab[7]                                                                                  ; |immediate_sel|datab[7]~corein                                                                           ; combout          ;
; |immediate_sel|datai[6]                                                                                  ; |immediate_sel|datai[6]~corein                                                                           ; combout          ;
; |immediate_sel|datab[6]                                                                                  ; |immediate_sel|datab[6]~corein                                                                           ; combout          ;
; |immediate_sel|datai[5]                                                                                  ; |immediate_sel|datai[5]~corein                                                                           ; combout          ;
; |immediate_sel|datab[5]                                                                                  ; |immediate_sel|datab[5]~corein                                                                           ; combout          ;
; |immediate_sel|datai[4]                                                                                  ; |immediate_sel|datai[4]~corein                                                                           ; combout          ;
; |immediate_sel|datab[4]                                                                                  ; |immediate_sel|datab[4]~corein                                                                           ; combout          ;
; |immediate_sel|datai[3]                                                                                  ; |immediate_sel|datai[3]~corein                                                                           ; combout          ;
; |immediate_sel|datab[3]                                                                                  ; |immediate_sel|datab[3]~corein                                                                           ; combout          ;
; |immediate_sel|datai[2]                                                                                  ; |immediate_sel|datai[2]~corein                                                                           ; combout          ;
; |immediate_sel|datab[2]                                                                                  ; |immediate_sel|datab[2]~corein                                                                           ; combout          ;
; |immediate_sel|datai[1]                                                                                  ; |immediate_sel|datai[1]~corein                                                                           ; combout          ;
; |immediate_sel|datab[1]                                                                                  ; |immediate_sel|datab[1]~corein                                                                           ; combout          ;
; |immediate_sel|datai[0]                                                                                  ; |immediate_sel|datai[0]~corein                                                                           ; combout          ;
; |immediate_sel|datab[0]                                                                                  ; |immediate_sel|datab[0]~corein                                                                           ; combout          ;
; |immediate_sel|opcode[5]                                                                                 ; |immediate_sel|opcode[5]~corein                                                                          ; combout          ;
+----------------------------------------------------------------------------------------------------------+----------------------------------------------------------------------------------------------------------+------------------+


+---------------------+
; Simulator INI Usage ;
+--------+------------+
; Option ; Usage      ;
+--------+------------+


+--------------------+
; Simulator Messages ;
+--------------------+
Info: *******************************************************************
Info: Running Quartus II Simulator
    Info: Version 9.0 Build 132 02/25/2009 SJ Web Edition
    Info: Processing started: Thu Jul 09 07:18:55 2020
Info: Command: quartus_sim --read_settings_files=on --write_settings_files=off CPU -c CPU
Info: Using vector source file "F:/dev/CR_CPU/CPU.vwf"
Info: Option to preserve fewer signal transitions to reduce memory requirements is enabled
    Info: Simulation has been partitioned into sub-simulations according to the maximum transition count determined by the engine. Transitions from memory will be flushed out to disk at the end of each sub-simulation to reduce memory requirements.
Info: Simulation partitioned into 1 sub-simulations
Info: Simulation coverage is      24.50 %
Info: Number of transitions in simulation is 433554
Info: Quartus II Simulator was successful. 0 errors, 0 warnings
    Info: Peak virtual memory: 176 megabytes
    Info: Processing ended: Thu Jul 09 07:19:01 2020
    Info: Elapsed time: 00:00:06
    Info: Total CPU time (on all processors): 00:00:06


