--------------------------------------------------------------------------------------
Timing Analyzer Summary
--------------------------------------------------------------------------------------

Type           : Worst-case tsu
Slack          : N/A
Required Time  : None
Actual Time    : -3.658 ns
From           : clock
To             : MEM_WB:inst15|D_FF_1:inst3|lpm_ff:lpm_ff_component|dffs[0]
From Clock     : --
To Clock       : clock
Failed Paths   : 0

Type           : Worst-case tco
Slack          : N/A
Required Time  : None
Actual Time    : 149.094 ns
From           : MEM_WB:inst15|D_FF_32:inst|lpm_ff:lpm_ff_component|dffs[25]
To             : alu_result[31]
From Clock     : clock
To Clock       : --
Failed Paths   : 0

Type           : Worst-case th
Slack          : N/A
Required Time  : None
Actual Time    : 3.888 ns
From           : clock
To             : MEM_WB:inst15|D_FF_1:inst3|lpm_ff:lpm_ff_component|dffs[0]
From Clock     : --
To Clock       : clock
Failed Paths   : 0

Type           : Clock Setup: 'clock'
Slack          : N/A
Required Time  : None
Actual Time    : 7.07 MHz ( period = 141.350 ns )
From           : MEM_WB:inst15|D_FF_32:inst|lpm_ff:lpm_ff_component|dffs[25]
To             : EX_MEM:inst16|D_FF_32:inst|lpm_ff:lpm_ff_component|dffs[31]
From Clock     : clock
To Clock       : clock
Failed Paths   : 0

Type           : Clock Setup: 'clock_reg'
Slack          : N/A
Required Time  : None
Actual Time    : Restricted to 235.07 MHz ( period = 4.254 ns )
From           : registers_mem:inst9|regs2_8bit:inst17|alt3pram:alt3pram_component|altdpram:altdpram_component1|altsyncram:ram_block|altsyncram_0dp1:auto_generated|ram_block1a0~porta_datain_reg7
To             : registers_mem:inst9|regs2_8bit:inst17|alt3pram:alt3pram_component|altdpram:altdpram_component1|altsyncram:ram_block|altsyncram_0dp1:auto_generated|ram_block1a7~porta_memory_reg0
From Clock     : clock_reg
To Clock       : clock_reg
Failed Paths   : 0

Type           : Clock Hold: 'clock'
Slack          : Not operational: Clock Skew > Data Delay
Required Time  : None
Actual Time    : N/A
From           : EX_MEM:inst16|D_FF_32:inst|lpm_ff:lpm_ff_component|dffs[18]
To             : MEM_WB:inst15|D_FF_32:inst1|lpm_ff:lpm_ff_component|dffs[18]
From Clock     : clock
To Clock       : clock
Failed Paths   : 567

Type           : Total number of failed paths
Slack          : 
Required Time  : 
Actual Time    : 
From           : 
To             : 
From Clock     : 
To Clock       : 
Failed Paths   : 567

--------------------------------------------------------------------------------------

