Classic Timing Analyzer report for CPU
Sat Aug 08 00:47:39 2020
Quartus II Version 9.0 Build 132 02/25/2009 SJ Web Edition


---------------------
; Table of Contents ;
---------------------
  1. Legal Notice
  2. Timing Analyzer Summary
  3. Timing Analyzer Settings
  4. Parallel Compilation
  5. tpd
  6. Timing Analyzer Messages



----------------
; Legal Notice ;
----------------
Copyright (C) 1991-2009 Altera Corporation
Your use of Altera Corporation's design tools, logic functions 
and other software and tools, and its AMPP partner logic 
functions, and any output files from any of the foregoing 
(including device programming or simulation files), and any 
associated documentation or information are expressly subject 
to the terms and conditions of the Altera Program License 
Subscription Agreement, Altera MegaCore Function License 
Agreement, or other applicable license agreement, including, 
without limitation, that your use is for the sole purpose of 
programming logic devices manufactured by Altera and sold by 
Altera or its authorized distributors.  Please refer to the 
applicable agreement for further details.



+------------------------------------------------------------------------------------------------------------------------------------+
; Timing Analyzer Summary                                                                                                            ;
+------------------------------+-------+---------------+-------------+----------+-------------+------------+----------+--------------+
; Type                         ; Slack ; Required Time ; Actual Time ; From     ; To          ; From Clock ; To Clock ; Failed Paths ;
+------------------------------+-------+---------------+-------------+----------+-------------+------------+----------+--------------+
; Worst-case tpd               ; N/A   ; None          ; 20.609 ns   ; 1_new[1] ; result1[17] ; --         ; --       ; 0            ;
; Total number of failed paths ;       ;               ;             ;          ;             ;            ;          ; 0            ;
+------------------------------+-------+---------------+-------------+----------+-------------+------------+----------+--------------+


+--------------------------------------------------------------------------------------------------------------------+
; Timing Analyzer Settings                                                                                           ;
+---------------------------------------------------------------------+--------------------+------+----+-------------+
; Option                                                              ; Setting            ; From ; To ; Entity Name ;
+---------------------------------------------------------------------+--------------------+------+----+-------------+
; Device Name                                                         ; EP2C15AF484C6      ;      ;    ;             ;
; Timing Models                                                       ; Final              ;      ;    ;             ;
; Default hold multicycle                                             ; Same as Multicycle ;      ;    ;             ;
; Cut paths between unrelated clock domains                           ; On                 ;      ;    ;             ;
; Cut off read during write signal paths                              ; On                 ;      ;    ;             ;
; Cut off feedback from I/O pins                                      ; On                 ;      ;    ;             ;
; Report Combined Fast/Slow Timing                                    ; Off                ;      ;    ;             ;
; Ignore Clock Settings                                               ; Off                ;      ;    ;             ;
; Analyze latches as synchronous elements                             ; On                 ;      ;    ;             ;
; Enable Recovery/Removal analysis                                    ; Off                ;      ;    ;             ;
; Enable Clock Latency                                                ; Off                ;      ;    ;             ;
; Use TimeQuest Timing Analyzer                                       ; Off                ;      ;    ;             ;
; Number of source nodes to report per destination node               ; 10                 ;      ;    ;             ;
; Number of destination nodes to report                               ; 10                 ;      ;    ;             ;
; Number of paths to report                                           ; 200                ;      ;    ;             ;
; Report Minimum Timing Checks                                        ; Off                ;      ;    ;             ;
; Use Fast Timing Models                                              ; Off                ;      ;    ;             ;
; Report IO Paths Separately                                          ; Off                ;      ;    ;             ;
; Perform Multicorner Analysis                                        ; On                 ;      ;    ;             ;
; Reports the worst-case path for each clock domain and analysis      ; Off                ;      ;    ;             ;
; Removes common clock path pessimism (CCPP) during slack computation ; Off                ;      ;    ;             ;
; Output I/O Timing Endpoint                                          ; Near End           ;      ;    ;             ;
+---------------------------------------------------------------------+--------------------+------+----+-------------+


Parallel compilation was disabled, but you have multiple processors available. Enable parallel compilation to reduce compilation time.
+-------------------------------------+
; Parallel Compilation                ;
+----------------------------+--------+
; Processors                 ; Number ;
+----------------------------+--------+
; Number detected on machine ; 6      ;
; Maximum allowed            ; 1      ;
+----------------------------+--------+


+------------------------------------------------------------------------------------------------------------------------------------------+
; tpd                                                                                                                                      ;
+-----------------------------------------+-----------------------------------------------------+-----------------+----------+-------------+
; Slack                                   ; Required P2P Time                                   ; Actual P2P Time ; From     ; To          ;
+-----------------------------------------+-----------------------------------------------------+-----------------+----------+-------------+
; N/A                                     ; None                                                ; 20.609 ns       ; 1_new[1] ; result1[17] ;
; N/A                                     ; None                                                ; 20.535 ns       ; 1_old[3] ; result1[17] ;
; N/A                                     ; None                                                ; 20.477 ns       ; 1_new[3] ; result1[17] ;
; N/A                                     ; None                                                ; 20.471 ns       ; 1_new[2] ; result1[17] ;
; N/A                                     ; None                                                ; 20.261 ns       ; 1_old[0] ; result1[17] ;
; N/A                                     ; None                                                ; 20.246 ns       ; 2_new[3] ; result1[17] ;
; N/A                                     ; None                                                ; 20.083 ns       ; 1_old[2] ; result1[17] ;
; N/A                                     ; None                                                ; 20.053 ns       ; 1_old[4] ; result1[17] ;
; N/A                                     ; None                                                ; 19.955 ns       ; 1_new[4] ; result1[17] ;
; N/A                                     ; None                                                ; 19.690 ns       ; 2_new[3] ; result1[7]  ;
; N/A                                     ; None                                                ; 19.667 ns       ; 1_new[1] ; result1[7]  ;
; N/A                                     ; None                                                ; 19.593 ns       ; 1_old[3] ; result1[7]  ;
; N/A                                     ; None                                                ; 19.556 ns       ; 1_new[0] ; result1[17] ;
; N/A                                     ; None                                                ; 19.535 ns       ; 1_new[3] ; result1[7]  ;
; N/A                                     ; None                                                ; 19.529 ns       ; 1_new[2] ; result1[7]  ;
; N/A                                     ; None                                                ; 19.520 ns       ; 2_new[4] ; result1[17] ;
; N/A                                     ; None                                                ; 19.431 ns       ; 2_new[2] ; result1[17] ;
; N/A                                     ; None                                                ; 19.319 ns       ; 1_old[0] ; result1[7]  ;
; N/A                                     ; None                                                ; 19.284 ns       ; 2_new[0] ; result1[17] ;
; N/A                                     ; None                                                ; 19.186 ns       ; 2_new[3] ; result2[3]  ;
; N/A                                     ; None                                                ; 19.141 ns       ; 1_old[2] ; result1[7]  ;
; N/A                                     ; None                                                ; 19.111 ns       ; 1_old[4] ; result1[7]  ;
; N/A                                     ; None                                                ; 19.100 ns       ; 2_old[3] ; result2[3]  ;
; N/A                                     ; None                                                ; 19.045 ns       ; 2_new[3] ; result2[12] ;
; N/A                                     ; None                                                ; 19.040 ns       ; 2_new[3] ; result2[8]  ;
; N/A                                     ; None                                                ; 19.013 ns       ; 1_new[4] ; result1[7]  ;
; N/A                                     ; None                                                ; 18.989 ns       ; 2_old[1] ; result2[3]  ;
; N/A                                     ; None                                                ; 18.964 ns       ; 2_new[4] ; result1[7]  ;
; N/A                                     ; None                                                ; 18.959 ns       ; 2_old[3] ; result2[12] ;
; N/A                                     ; None                                                ; 18.954 ns       ; 2_old[3] ; result2[8]  ;
; N/A                                     ; None                                                ; 18.883 ns       ; 2_old[2] ; result2[3]  ;
; N/A                                     ; None                                                ; 18.875 ns       ; 2_new[2] ; result1[7]  ;
; N/A                                     ; None                                                ; 18.848 ns       ; 2_old[1] ; result2[12] ;
; N/A                                     ; None                                                ; 18.843 ns       ; 2_old[1] ; result2[8]  ;
; N/A                                     ; None                                                ; 18.803 ns       ; 2_new[3] ; result2[7]  ;
; N/A                                     ; None                                                ; 18.800 ns       ; 2_new[3] ; result2[9]  ;
; N/A                                     ; None                                                ; 18.742 ns       ; 2_old[2] ; result2[12] ;
; N/A                                     ; None                                                ; 18.737 ns       ; 2_old[2] ; result2[8]  ;
; N/A                                     ; None                                                ; 18.728 ns       ; 2_new[0] ; result1[7]  ;
; N/A                                     ; None                                                ; 18.717 ns       ; 2_old[3] ; result2[7]  ;
; N/A                                     ; None                                                ; 18.714 ns       ; 2_old[3] ; result2[9]  ;
; N/A                                     ; None                                                ; 18.709 ns       ; 2_new[3] ; result1[0]  ;
; N/A                                     ; None                                                ; 18.690 ns       ; 2_new[3] ; result1[9]  ;
; N/A                                     ; None                                                ; 18.614 ns       ; 1_new[0] ; result1[7]  ;
; N/A                                     ; None                                                ; 18.606 ns       ; 2_old[1] ; result2[7]  ;
; N/A                                     ; None                                                ; 18.603 ns       ; 2_old[1] ; result2[9]  ;
; N/A                                     ; None                                                ; 18.544 ns       ; 2_new[3] ; result1[15] ;
; N/A                                     ; None                                                ; 18.500 ns       ; 2_old[2] ; result2[7]  ;
; N/A                                     ; None                                                ; 18.497 ns       ; 2_old[2] ; result2[9]  ;
; N/A                                     ; None                                                ; 18.474 ns       ; 2_new[3] ; result2[11] ;
; N/A                                     ; None                                                ; 18.469 ns       ; 1_old[3] ; result1[0]  ;
; N/A                                     ; None                                                ; 18.452 ns       ; 2_new[3] ; result1[10] ;
; N/A                                     ; None                                                ; 18.450 ns       ; 1_old[3] ; result1[9]  ;
; N/A                                     ; None                                                ; 18.428 ns       ; 2_new[4] ; result2[3]  ;
; N/A                                     ; None                                                ; 18.388 ns       ; 2_old[3] ; result2[11] ;
; N/A                                     ; None                                                ; 18.341 ns       ; 2_new[2] ; result2[3]  ;
; N/A                                     ; None                                                ; 18.336 ns       ; 2_new[3] ; result2[10] ;
; N/A                                     ; None                                                ; 18.307 ns       ; 1_new[1] ; result1[0]  ;
; N/A                                     ; None                                                ; 18.304 ns       ; 1_old[3] ; result1[15] ;
; N/A                                     ; None                                                ; 18.287 ns       ; 2_new[4] ; result2[12] ;
; N/A                                     ; None                                                ; 18.282 ns       ; 2_new[4] ; result2[8]  ;
; N/A                                     ; None                                                ; 18.277 ns       ; 2_old[1] ; result2[11] ;
; N/A                                     ; None                                                ; 18.250 ns       ; 2_old[3] ; result2[10] ;
; N/A                                     ; None                                                ; 18.232 ns       ; 2_old[4] ; result2[3]  ;
; N/A                                     ; None                                                ; 18.220 ns       ; 2_old[0] ; result2[3]  ;
; N/A                                     ; None                                                ; 18.212 ns       ; 1_old[3] ; result1[10] ;
; N/A                                     ; None                                                ; 18.206 ns       ; 2_new[3] ; result2[18] ;
; N/A                                     ; None                                                ; 18.200 ns       ; 2_new[2] ; result2[12] ;
; N/A                                     ; None                                                ; 18.195 ns       ; 2_new[2] ; result2[8]  ;
; N/A                                     ; None                                                ; 18.175 ns       ; 1_new[3] ; result1[0]  ;
; N/A                                     ; None                                                ; 18.171 ns       ; 2_old[2] ; result2[11] ;
; N/A                                     ; None                                                ; 18.169 ns       ; 1_new[2] ; result1[0]  ;
; N/A                                     ; None                                                ; 18.160 ns       ; 1_new[1] ; result1[9]  ;
; N/A                                     ; None                                                ; 18.139 ns       ; 2_old[1] ; result2[10] ;
; N/A                                     ; None                                                ; 18.120 ns       ; 2_old[3] ; result2[18] ;
; N/A                                     ; None                                                ; 18.091 ns       ; 2_old[4] ; result2[12] ;
; N/A                                     ; None                                                ; 18.089 ns       ; 1_old[0] ; result1[0]  ;
; N/A                                     ; None                                                ; 18.086 ns       ; 2_old[4] ; result2[8]  ;
; N/A                                     ; None                                                ; 18.079 ns       ; 2_old[0] ; result2[12] ;
; N/A                                     ; None                                                ; 18.074 ns       ; 2_old[0] ; result2[8]  ;
; N/A                                     ; None                                                ; 18.070 ns       ; 1_old[0] ; result1[9]  ;
; N/A                                     ; None                                                ; 18.049 ns       ; 2_new[0] ; result2[3]  ;
; N/A                                     ; None                                                ; 18.045 ns       ; 2_new[4] ; result2[7]  ;
; N/A                                     ; None                                                ; 18.042 ns       ; 2_new[4] ; result2[9]  ;
; N/A                                     ; None                                                ; 18.033 ns       ; 2_old[2] ; result2[10] ;
; N/A                                     ; None                                                ; 18.028 ns       ; 1_new[3] ; result1[9]  ;
; N/A                                     ; None                                                ; 18.022 ns       ; 1_new[2] ; result1[9]  ;
; N/A                                     ; None                                                ; 18.009 ns       ; 2_old[1] ; result2[18] ;
; N/A                                     ; None                                                ; 17.997 ns       ; 2_new[3] ; result1[13] ;
; N/A                                     ; None                                                ; 17.996 ns       ; 1_new[1] ; result1[10] ;
; N/A                                     ; None                                                ; 17.983 ns       ; 2_new[4] ; result1[0]  ;
; N/A                                     ; None                                                ; 17.964 ns       ; 2_new[4] ; result1[9]  ;
; N/A                                     ; None                                                ; 17.958 ns       ; 2_new[2] ; result2[7]  ;
; N/A                                     ; None                                                ; 17.955 ns       ; 2_new[2] ; result2[9]  ;
; N/A                                     ; None                                                ; 17.952 ns       ; 1_new[2] ; result2[3]  ;
; N/A                                     ; None                                                ; 17.952 ns       ; 2_new[3] ; result1[8]  ;
; N/A                                     ; None                                                ; 17.925 ns       ; 1_new[1] ; result1[15] ;
; N/A                                     ; None                                                ; 17.924 ns       ; 1_old[0] ; result1[15] ;
; N/A                                     ; None                                                ; 17.908 ns       ; 2_new[0] ; result2[12] ;
; N/A                                     ; None                                                ; 17.903 ns       ; 2_new[0] ; result2[8]  ;
; N/A                                     ; None                                                ; 17.903 ns       ; 2_old[2] ; result2[18] ;
; N/A                                     ; None                                                ; 17.894 ns       ; 2_new[2] ; result1[0]  ;
; N/A                                     ; None                                                ; 17.887 ns       ; 1_new[1] ; result2[3]  ;
; N/A                                     ; None                                                ; 17.875 ns       ; 2_new[2] ; result1[9]  ;
; N/A                                     ; None                                                ; 17.874 ns       ; 2_new[3] ; result1[22] ;
; N/A                                     ; None                                                ; 17.864 ns       ; 1_new[3] ; result1[10] ;
; N/A                                     ; None                                                ; 17.858 ns       ; 1_new[2] ; result1[10] ;
; N/A                                     ; None                                                ; 17.851 ns       ; 1_new[2] ; result2[12] ;
; N/A                                     ; None                                                ; 17.849 ns       ; 2_old[4] ; result2[7]  ;
; N/A                                     ; None                                                ; 17.846 ns       ; 2_old[4] ; result2[9]  ;
; N/A                                     ; None                                                ; 17.837 ns       ; 2_old[0] ; result2[7]  ;
; N/A                                     ; None                                                ; 17.834 ns       ; 2_old[0] ; result2[9]  ;
; N/A                                     ; None                                                ; 17.832 ns       ; 1_old[0] ; result1[10] ;
; N/A                                     ; None                                                ; 17.818 ns       ; 2_new[4] ; result1[15] ;
; N/A                                     ; None                                                ; 17.804 ns       ; 1_old[2] ; result1[0]  ;
; N/A                                     ; None                                                ; 17.803 ns       ; 2_new[3] ; result1[19] ;
; N/A                                     ; None                                                ; 17.796 ns       ; load2    ; result1[17] ;
; N/A                                     ; None                                                ; 17.793 ns       ; 1_new[3] ; result1[15] ;
; N/A                                     ; None                                                ; 17.787 ns       ; 1_new[2] ; result1[15] ;
; N/A                                     ; None                                                ; 17.786 ns       ; 1_new[1] ; result2[12] ;
; N/A                                     ; None                                                ; 17.785 ns       ; 1_old[2] ; result1[9]  ;
; N/A                                     ; None                                                ; 17.781 ns       ; 1_new[1] ; result1[8]  ;
; N/A                                     ; None                                                ; 17.773 ns       ; 1_old[4] ; result1[0]  ;
; N/A                                     ; None                                                ; 17.757 ns       ; 1_old[3] ; result1[13] ;
; N/A                                     ; None                                                ; 17.754 ns       ; 1_old[4] ; result1[9]  ;
; N/A                                     ; None                                                ; 17.753 ns       ; 1_new[3] ; result2[3]  ;
; N/A                                     ; None                                                ; 17.753 ns       ; 2_new[3] ; result1[14] ;
; N/A                                     ; None                                                ; 17.747 ns       ; 2_new[0] ; result1[0]  ;
; N/A                                     ; None                                                ; 17.743 ns       ; 2_new[3] ; result1[2]  ;
; N/A                                     ; None                                                ; 17.729 ns       ; 2_new[2] ; result1[15] ;
; N/A                                     ; None                                                ; 17.728 ns       ; 2_new[0] ; result1[9]  ;
; N/A                                     ; None                                                ; 17.726 ns       ; 2_new[4] ; result1[10] ;
; N/A                                     ; None                                                ; 17.716 ns       ; 2_new[4] ; result2[11] ;
; N/A                                     ; None                                                ; 17.712 ns       ; 1_old[3] ; result1[8]  ;
; N/A                                     ; None                                                ; 17.704 ns       ; 1_new[2] ; result2[8]  ;
; N/A                                     ; None                                                ; 17.666 ns       ; 2_new[0] ; result2[7]  ;
; N/A                                     ; None                                                ; 17.663 ns       ; 2_new[0] ; result2[9]  ;
; N/A                                     ; None                                                ; 17.656 ns       ; 2_new[3] ; result2[17] ;
; N/A                                     ; None                                                ; 17.653 ns       ; 1_new[4] ; result1[0]  ;
; N/A                                     ; None                                                ; 17.652 ns       ; 1_new[3] ; result2[12] ;
; N/A                                     ; None                                                ; 17.649 ns       ; 1_new[3] ; result1[8]  ;
; N/A                                     ; None                                                ; 17.643 ns       ; 1_new[2] ; result1[8]  ;
; N/A                                     ; None                                                ; 17.641 ns       ; 2_new[3] ; result2[19] ;
; N/A                                     ; None                                                ; 17.639 ns       ; 1_new[1] ; result2[8]  ;
; N/A                                     ; None                                                ; 17.639 ns       ; 1_old[2] ; result1[15] ;
; N/A                                     ; None                                                ; 17.637 ns       ; 2_new[2] ; result1[10] ;
; N/A                                     ; None                                                ; 17.634 ns       ; 1_old[3] ; result1[22] ;
; N/A                                     ; None                                                ; 17.631 ns       ; 2_new[3] ; result1[3]  ;
; N/A                                     ; None                                                ; 17.629 ns       ; 2_new[2] ; result2[11] ;
; N/A                                     ; None                                                ; 17.610 ns       ; 2_new[3] ; result1[18] ;
; N/A                                     ; None                                                ; 17.608 ns       ; 1_old[4] ; result1[15] ;
; N/A                                     ; None                                                ; 17.582 ns       ; 2_new[0] ; result1[15] ;
; N/A                                     ; None                                                ; 17.578 ns       ; 2_new[4] ; result2[10] ;
; N/A                                     ; None                                                ; 17.570 ns       ; 2_old[3] ; result2[17] ;
; N/A                                     ; None                                                ; 17.563 ns       ; 1_old[3] ; result1[19] ;
; N/A                                     ; None                                                ; 17.555 ns       ; 2_old[3] ; result2[19] ;
; N/A                                     ; None                                                ; 17.547 ns       ; 1_old[2] ; result1[10] ;
; N/A                                     ; None                                                ; 17.539 ns       ; 2_new[3] ; result2[0]  ;
; N/A                                     ; None                                                ; 17.520 ns       ; 2_old[4] ; result2[11] ;
; N/A                                     ; None                                                ; 17.516 ns       ; 1_old[4] ; result1[10] ;
; N/A                                     ; None                                                ; 17.513 ns       ; 1_old[3] ; result1[14] ;
; N/A                                     ; None                                                ; 17.508 ns       ; 2_old[0] ; result2[11] ;
; N/A                                     ; None                                                ; 17.506 ns       ; 1_new[4] ; result1[9]  ;
; N/A                                     ; None                                                ; 17.505 ns       ; 1_new[3] ; result2[8]  ;
; N/A                                     ; None                                                ; 17.503 ns       ; 1_old[3] ; result1[2]  ;
; N/A                                     ; None                                                ; 17.491 ns       ; 2_new[2] ; result2[10] ;
; N/A                                     ; None                                                ; 17.490 ns       ; 2_new[0] ; result1[10] ;
; N/A                                     ; None                                                ; 17.474 ns       ; 1_new[2] ; result2[9]  ;
; N/A                                     ; None                                                ; 17.463 ns       ; 2_new[3] ; result1[12] ;
; N/A                                     ; None                                                ; 17.459 ns       ; 2_old[1] ; result2[17] ;
; N/A                                     ; None                                                ; 17.453 ns       ; 2_old[3] ; result2[0]  ;
; N/A                                     ; None                                                ; 17.448 ns       ; 2_new[4] ; result2[18] ;
; N/A                                     ; None                                                ; 17.446 ns       ; 1_new[2] ; result2[7]  ;
; N/A                                     ; None                                                ; 17.444 ns       ; 2_old[1] ; result2[19] ;
; N/A                                     ; None                                                ; 17.435 ns       ; 1_new[4] ; result2[3]  ;
; N/A                                     ; None                                                ; 17.433 ns       ; 1_old[0] ; result1[8]  ;
; N/A                                     ; None                                                ; 17.409 ns       ; 1_new[1] ; result2[9]  ;
; N/A                                     ; None                                                ; 17.391 ns       ; 1_old[3] ; result1[3]  ;
; N/A                                     ; None                                                ; 17.382 ns       ; 2_old[4] ; result2[10] ;
; N/A                                     ; None                                                ; 17.382 ns       ; 2_new[3] ; result2[22] ;
; N/A                                     ; None                                                ; 17.381 ns       ; 1_new[1] ; result2[7]  ;
; N/A                                     ; None                                                ; 17.377 ns       ; 1_old[0] ; result1[13] ;
; N/A                                     ; None                                                ; 17.370 ns       ; 2_old[0] ; result2[10] ;
; N/A                                     ; None                                                ; 17.370 ns       ; 1_old[3] ; result1[18] ;
; N/A                                     ; None                                                ; 17.361 ns       ; 2_new[2] ; result2[18] ;
; N/A                                     ; None                                                ; 17.353 ns       ; 2_old[2] ; result2[17] ;
; N/A                                     ; None                                                ; 17.342 ns       ; 2_old[1] ; result2[0]  ;
; N/A                                     ; None                                                ; 17.342 ns       ; 1_new[4] ; result1[10] ;
; N/A                                     ; None                                                ; 17.338 ns       ; 2_old[2] ; result2[19] ;
; N/A                                     ; None                                                ; 17.337 ns       ; 2_new[0] ; result2[11] ;
; N/A                                     ; None                                                ; 17.334 ns       ; 1_new[4] ; result2[12] ;
; N/A                                     ; None                                                ; 17.322 ns       ; load2    ; result2[3]  ;
; N/A                                     ; None                                                ; 17.296 ns       ; 2_old[3] ; result2[22] ;
; N/A                                     ; None                                                ; 17.281 ns       ; load2    ; result1[7]  ;
; N/A                                     ; None                                                ; 17.275 ns       ; 1_new[3] ; result2[9]  ;
; N/A                                     ; None                                                ; 17.271 ns       ; 2_new[4] ; result1[13] ;
; N/A                                     ; None                                                ; 17.271 ns       ; 1_new[4] ; result1[15] ;
; N/A                                     ; None                                                ; 17.255 ns       ; 1_old[2] ; result1[8]  ;
; N/A                                     ; None                                                ; 17.254 ns       ; 1_new[0] ; result1[0]  ;
; N/A                                     ; None                                                ; 17.254 ns       ; 1_old[0] ; result1[22] ;
; Timing analysis restricted to 200 rows. ; To change the limit use Settings (Assignments menu) ;                 ;          ;             ;
+-----------------------------------------+-----------------------------------------------------+-----------------+----------+-------------+


+--------------------------+
; Timing Analyzer Messages ;
+--------------------------+
Info: *******************************************************************
Info: Running Quartus II Classic Timing Analyzer
    Info: Version 9.0 Build 132 02/25/2009 SJ Web Edition
    Info: Processing started: Sat Aug 08 00:47:38 2020
Info: Command: quartus_tan --read_settings_files=off --write_settings_files=off CPU -c CPU --timing_analysis_only
Info: Longest tpd from source pin "1_new[1]" to destination pin "result1[17]" is 20.609 ns
    Info: 1: + IC(0.000 ns) + CELL(0.840 ns) = 0.840 ns; Loc. = PIN_P9; Fanout = 2; PIN Node = '1_new[1]'
    Info: 2: + IC(5.629 ns) + CELL(0.419 ns) = 6.888 ns; Loc. = LCCOMB_X8_Y20_N6; Fanout = 1; COMB Node = 'comp_5bit:inst5|lpm_compare:lpm_compare_component|cmpr_ahg:auto_generated|result_wire[0]~1'
    Info: 3: + IC(0.242 ns) + CELL(0.149 ns) = 7.279 ns; Loc. = LCCOMB_X8_Y20_N10; Fanout = 32; COMB Node = 'comp_5bit:inst5|lpm_compare:lpm_compare_component|cmpr_ahg:auto_generated|result_wire[0]~3'
    Info: 4: + IC(5.460 ns) + CELL(0.275 ns) = 13.014 ns; Loc. = LCCOMB_X46_Y8_N16; Fanout = 1; COMB Node = 'mux41_32bit:inst11|lpm_mux:lpm_mux_component|mux_n4e:auto_generated|result_node[17]~95'
    Info: 5: + IC(2.050 ns) + CELL(0.149 ns) = 15.213 ns; Loc. = LCCOMB_X40_Y20_N20; Fanout = 1; COMB Node = 'mux41_32bit:inst11|lpm_mux:lpm_mux_component|mux_n4e:auto_generated|result_node[17]~96'
    Info: 6: + IC(2.744 ns) + CELL(2.652 ns) = 20.609 ns; Loc. = PIN_E1; Fanout = 0; PIN Node = 'result1[17]'
    Info: Total cell delay = 4.484 ns ( 21.76 % )
    Info: Total interconnect delay = 16.125 ns ( 78.24 % )
Info: Quartus II Classic Timing Analyzer was successful. 0 errors, 0 warnings
    Info: Peak virtual memory: 202 megabytes
    Info: Processing ended: Sat Aug 08 00:47:40 2020
    Info: Elapsed time: 00:00:02
    Info: Total CPU time (on all processors): 00:00:02


